Recording does not cover the entire run; rendering all available recorded attempts.
5142 recorded attempts, 3 selected maps
  [lg0_t0] 1/20 t=4757s: episode=0 seed=3297 steps=215 progress=0.970738 finished=1 crashed=0 truncated=0
  [lg1_t0] 1/20 t=4851s: episode=0 seed=3313 steps=346 progress=0.976444 finished=1 crashed=0 truncated=0
  [lg2_t0] 1/20 t=4895s: episode=0 seed=3323 steps=906 progress=0.338335 finished=0 crashed=1 truncated=0
  [lg0_t0] 2/20 t=4928s: episode=0 seed=3327 steps=222 progress=0.971861 finished=1 crashed=0 truncated=0
  [lg1_t0] 2/20 t=5003s: episode=0 seed=3341 steps=309 progress=0.978494 finished=1 crashed=0 truncated=0
  [lg2_t0] 2/20 t=4938s: episode=0 seed=3330 steps=444 progress=0.339414 finished=0 crashed=1 truncated=0
  [lg0_t0] 3/20 t=5061s: episode=0 seed=3353 steps=222 progress=0.970322 finished=1 crashed=0 truncated=0
  [lg1_t0] 3/20 t=5139s: episode=0 seed=3369 steps=317 progress=0.996654 finished=1 crashed=0 truncated=0
  [lg0_t0] 4/20 t=5084s: episode=0 seed=3357 steps=220 progress=0.969005 finished=1 crashed=0 truncated=0
  [lg1_t0] 4/20 t=5256s: episode=0 seed=3395 steps=309 progress=0.981027 finished=1 crashed=0 truncated=0
  [lg2_t0] 3/20 t=4955s: episode=0 seed=3332 steps=999 progress=0.46447 finished=0 crashed=1 truncated=0
  [lg0_t0] 5/20 t=5112s: episode=0 seed=3362 steps=216 progress=0.971388 finished=1 crashed=0 truncated=0
  [lg1_t0] 5/20 t=5391s: episode=0 seed=3419 steps=319 progress=0.980862 finished=1 crashed=0 truncated=0
  [lg0_t0] 6/20 t=5503s: episode=0 seed=3445 steps=223 progress=0.96988 finished=1 crashed=0 truncated=0
  [lg2_t0] 4/20 t=5086s: episode=0 seed=3358 steps=616 progress=0.464657 finished=0 crashed=1 truncated=0
  [lg1_t0] 6/20 t=5564s: episode=0 seed=3457 steps=311 progress=0.977879 finished=1 crashed=0 truncated=0
  [lg0_t0] 7/20 t=5637s: episode=0 seed=3473 steps=209 progress=0.965984 finished=1 crashed=0 truncated=0
  [lg2_t0] 5/20 t=5461s: episode=0 seed=3435 steps=585 progress=0.464911 finished=0 crashed=1 truncated=0
  [lg1_t0] 7/20 t=5697s: episode=0 seed=3485 steps=326 progress=0.977377 finished=1 crashed=0 truncated=0
  [lg0_t0] 8/20 t=5799s: episode=0 seed=3499 steps=215 progress=0.970158 finished=1 crashed=0 truncated=0
  [lg2_t0] 6/20 t=5467s: episode=0 seed=3436 steps=376 progress=0.474944 finished=0 crashed=1 truncated=0
  [lg1_t0] 8/20 t=5895s: episode=0 seed=3515 steps=314 progress=0.982692 finished=1 crashed=0 truncated=0
  [lg0_t0] 9/20 t=5943s: episode=0 seed=3527 steps=213 progress=0.969466 finished=1 crashed=0 truncated=0
  [lg0_t0] 10/20 t=6090s: episode=0 seed=3559 steps=215 progress=0.969552 finished=1 crashed=0 truncated=0
  [lg1_t0] 9/20 t=6019s: episode=0 seed=3543 steps=315 progress=0.982983 finished=1 crashed=0 truncated=0
  [lg2_t0] 7/20 t=5543s: episode=0 seed=3454 steps=487 progress=0.501442 finished=0 crashed=1 truncated=0
  [lg0_t0] 11/20 t=6228s: episode=0 seed=3585 steps=215 progress=0.967588 finished=1 crashed=0 truncated=0
  [lg1_t0] 10/20 t=6185s: episode=0 seed=3575 steps=320 progress=0.982861 finished=1 crashed=0 truncated=0
  [lg2_t0] 8/20 t=5730s: episode=0 seed=3490 steps=504 progress=0.479471 finished=0 crashed=1 truncated=0
  [lg0_t0] 12/20 t=6373s: episode=0 seed=3619 steps=212 progress=0.967386 finished=1 crashed=0 truncated=0
  [lg1_t0] 11/20 t=6285s: episode=0 seed=3601 steps=338 progress=0.978389 finished=1 crashed=0 truncated=0
  [lg0_t0] 13/20 t=6556s: episode=0 seed=3653 steps=210 progress=0.96953 finished=1 crashed=0 truncated=0
  [lg2_t0] 9/20 t=6058s: episode=0 seed=3551 steps=687 progress=0.464662 finished=0 crashed=1 truncated=0
  [lg1_t0] 12/20 t=6447s: episode=0 seed=3635 steps=323 progress=0.977051 finished=1 crashed=0 truncated=0
  [lg2_t0] 10/20 t=6077s: episode=0 seed=3556 steps=104 progress=0.0532983 finished=0 crashed=1 truncated=0
  [lg0_t0] 14/20 t=6701s: episode=0 seed=3685 steps=222 progress=0.966885 finished=1 crashed=0 truncated=0
  [lg1_t0] 13/20 t=6617s: episode=0 seed=3667 steps=307 progress=0.980119 finished=1 crashed=0 truncated=0
  [lg0_t0] 15/20 t=6842s: episode=0 seed=3715 steps=212 progress=0.970038 finished=1 crashed=0 truncated=0
  [lg2_t0] 11/20 t=6118s: episode=0 seed=3564 steps=699 progress=0.465026 finished=0 crashed=1 truncated=0
  [lg1_t0] 14/20 t=6764s: episode=0 seed=3695 steps=317 progress=0.979662 finished=1 crashed=0 truncated=0
  [lg0_t0] 16/20 t=6968s: episode=0 seed=3743 steps=219 progress=0.966071 finished=1 crashed=0 truncated=0
  [lg1_t0] 15/20 t=6934s: episode=0 seed=3731 steps=313 progress=0.977665 finished=1 crashed=0 truncated=0
  [lg0_t0] 17/20 t=7116s: episode=0 seed=3771 steps=214 progress=0.969854 finished=1 crashed=0 truncated=0
  [lg2_t0] 12/20 t=6322s: episode=0 seed=3608 steps=884 progress=0.464363 finished=0 crashed=1 truncated=0
  [lg1_t0] 16/20 t=6946s: episode=0 seed=3736 steps=319 progress=0.976205 finished=1 crashed=0 truncated=0
  [lg0_t0] 18/20 t=7271s: episode=0 seed=3803 steps=210 progress=0.969906 finished=1 crashed=0 truncated=0
  [lg2_t0] 13/20 t=6409s: episode=0 seed=3628 steps=725 progress=0.991537 finished=1 crashed=0 truncated=0
  [lg1_t0] 17/20 t=7191s: episode=0 seed=3785 steps=345 progress=0.978057 finished=1 crashed=0 truncated=0
  [lg0_t0] 19/20 t=7402s: episode=0 seed=3833 steps=212 progress=0.968362 finished=1 crashed=0 truncated=0
  [lg0_t0] 20/20 t=7541s: episode=0 seed=3861 steps=254 progress=0.969827 finished=1 crashed=0 truncated=0
  [lg1_t0] 18/20 t=7340s: episode=0 seed=3817 steps=317 progress=0.993177 finished=1 crashed=0 truncated=0
  [lg2_t0] 14/20 t=6417s: episode=0 seed=3630 steps=789 progress=0.464046 finished=0 crashed=1 truncated=0
  [lg1_t0] 19/20 t=7458s: episode=0 seed=3847 steps=315 progress=0.98272 finished=1 crashed=0 truncated=0
  [lg2_t0] 15/20 t=6949s: episode=0 seed=3737 steps=533 progress=0.464286 finished=0 crashed=1 truncated=0
  [lg1_t0] 20/20 t=7610s: episode=0 seed=3875 steps=324 progress=0.97551 finished=1 crashed=0 truncated=0
  [lg2_t0] 16/20 t=7095s: episode=0 seed=3763 steps=153 progress=0.205282 finished=0 crashed=1 truncated=0
  [lg2_t0] 17/20 t=7176s: episode=0 seed=3782 steps=552 progress=0.471315 finished=0 crashed=1 truncated=0
  [lg2_t0] 18/20 t=7392s: episode=0 seed=3829 steps=131 progress=0.259695 finished=0 crashed=1 truncated=0
  [lg2_t0] 19/20 t=7418s: episode=0 seed=3838 steps=509 progress=0.474947 finished=0 crashed=1 truncated=0
  [lg2_t0] 20/20 t=7471s: episode=0 seed=3850 steps=583 progress=0.475231 finished=0 crashed=1 truncated=0
  -> C:\Users\wladd\Documents\GitHub\gravity-lab-pytorch\artifacts\sac_redq_8hr_coverage_20260906_022918\lg0_t0_batches_df5gkwe4\batch_000000.mp4
  [lg0_t0] 1/20 t=7669s: episode=0 seed=3891 steps=211 progress=0.971155 finished=1 crashed=0 truncated=0
  [lg0_t0] 2/20 t=7794s: episode=0 seed=3921 steps=213 progress=0.972543 finished=1 crashed=0 truncated=0
  [lg0_t0] 3/20 t=7921s: episode=0 seed=3949 steps=216 progress=0.967704 finished=1 crashed=0 truncated=0
  [lg0_t0] 4/20 t=8047s: episode=0 seed=3981 steps=216 progress=0.97084 finished=1 crashed=0 truncated=0
  [lg0_t0] 5/20 t=8205s: episode=0 seed=4015 steps=210 progress=0.971045 finished=1 crashed=0 truncated=0
  [lg0_t0] 6/20 t=8313s: episode=0 seed=4043 steps=212 progress=0.967997 finished=1 crashed=0 truncated=0
  -> C:\Users\wladd\Documents\GitHub\gravity-lab-pytorch\artifacts\sac_redq_8hr_coverage_20260906_022918\lg1_t0_batches_iwiah12q\batch_000000.mp4
  [lg0_t0] 7/20 t=8455s: episode=0 seed=4075 steps=214 progress=0.971396 finished=1 crashed=0 truncated=0
  [lg0_t0] 8/20 t=8602s: episode=0 seed=4107 steps=213 progress=0.970266 finished=1 crashed=0 truncated=0
  [lg1_t0] 1/20 t=7726s: episode=0 seed=3903 steps=295 progress=0.982223 finished=1 crashed=0 truncated=0
  [lg0_t0] 9/20 t=8716s: episode=0 seed=4130 steps=212 progress=0.966462 finished=1 crashed=0 truncated=0
  [lg1_t0] 2/20 t=7855s: episode=0 seed=3935 steps=314 progress=0.976101 finished=1 crashed=0 truncated=0
  [lg0_t0] 10/20 t=8826s: episode=0 seed=4159 steps=212 progress=0.970208 finished=1 crashed=0 truncated=0
  [lg1_t0] 3/20 t=7997s: episode=0 seed=3967 steps=143 progress=0.140438 finished=0 crashed=1 truncated=0
  [lg0_t0] 11/20 t=8956s: episode=0 seed=4189 steps=219 progress=0.968674 finished=1 crashed=0 truncated=0
  [lg1_t0] 4/20 t=8139s: episode=0 seed=3999 steps=306 progress=0.978387 finished=1 crashed=0 truncated=0
  [lg0_t0] 12/20 t=9099s: episode=0 seed=4219 steps=216 progress=0.970109 finished=1 crashed=0 truncated=0
  [lg1_t0] 5/20 t=8258s: episode=0 seed=4027 steps=299 progress=0.982417 finished=1 crashed=0 truncated=0
  [lg0_t0] 13/20 t=9231s: episode=0 seed=4251 steps=212 progress=0.970669 finished=1 crashed=0 truncated=0
  [lg1_t0] 6/20 t=8393s: episode=0 seed=4059 steps=325 progress=0.977908 finished=1 crashed=0 truncated=0
  [lg0_t0] 14/20 t=9368s: episode=0 seed=4281 steps=209 progress=0.96989 finished=1 crashed=0 truncated=0
  [lg1_t0] 7/20 t=8552s: episode=0 seed=4095 steps=295 progress=0.977042 finished=1 crashed=0 truncated=0
  [lg0_t0] 15/20 t=9505s: episode=0 seed=4311 steps=208 progress=0.970026 finished=1 crashed=0 truncated=0
  [lg1_t0] 8/20 t=8668s: episode=0 seed=4121 steps=318 progress=0.98796 finished=1 crashed=0 truncated=0
  [lg0_t0] 16/20 t=9643s: episode=0 seed=4341 steps=212 progress=0.968454 finished=1 crashed=0 truncated=0
  [lg1_t0] 9/20 t=8757s: episode=0 seed=4143 steps=305 progress=0.974259 finished=1 crashed=0 truncated=0
  [lg0_t0] 17/20 t=9808s: episode=0 seed=4371 steps=211 progress=0.967465 finished=1 crashed=0 truncated=0
  [lg0_t0] 18/20 t=9915s: episode=0 seed=4394 steps=208 progress=0.968381 finished=1 crashed=0 truncated=0
  [lg1_t0] 10/20 t=8879s: episode=0 seed=4169 steps=308 progress=0.981322 finished=1 crashed=0 truncated=0
  [lg0_t0] 19/20 t=10087s: episode=0 seed=4431 steps=212 progress=0.968475 finished=1 crashed=0 truncated=0
  [lg1_t0] 11/20 t=9036s: episode=0 seed=4205 steps=308 progress=0.983505 finished=1 crashed=0 truncated=0
  [lg0_t0] 20/20 t=10244s: episode=0 seed=4463 steps=218 progress=0.968735 finished=1 crashed=0 truncated=0
  [lg1_t0] 12/20 t=9160s: episode=0 seed=4233 steps=297 progress=0.978643 finished=1 crashed=0 truncated=0
  [lg1_t0] 13/20 t=9309s: episode=0 seed=4265 steps=293 progress=0.991501 finished=1 crashed=0 truncated=0
  [lg1_t0] 14/20 t=9425s: episode=0 seed=4295 steps=308 progress=0.976245 finished=1 crashed=0 truncated=0
  [lg1_t0] 15/20 t=9580s: episode=0 seed=4327 steps=328 progress=0.975355 finished=1 crashed=0 truncated=0
  [lg1_t0] 16/20 t=9725s: episode=0 seed=4355 steps=315 progress=0.999707 finished=1 crashed=0 truncated=0
  [lg1_t0] 17/20 t=9890s: episode=0 seed=4387 steps=299 progress=0.977708 finished=1 crashed=0 truncated=0
  [lg1_t0] 18/20 t=10001s: episode=0 seed=4413 steps=285 progress=0.979905 finished=1 crashed=0 truncated=0
  [lg1_t0] 19/20 t=10031s: episode=0 seed=4418 steps=337 progress=0.981139 finished=1 crashed=0 truncated=0
  [lg1_t0] 20/20 t=10308s: episode=0 seed=4475 steps=307 progress=0.978282 finished=1 crashed=0 truncated=0
  -> C:\Users\wladd\Documents\GitHub\gravity-lab-pytorch\artifacts\sac_redq_8hr_coverage_20260906_022918\lg0_t0_batches_df5gkwe4\batch_000001.mp4
  [lg0_t0] 1/20 t=10377s: episode=0 seed=4491 steps=208 progress=0.966326 finished=1 crashed=0 truncated=0
  [lg0_t0] 2/20 t=10509s: episode=0 seed=4523 steps=210 progress=0.974489 finished=1 crashed=0 truncated=0
  [lg0_t0] 3/20 t=10641s: episode=0 seed=4548 steps=310 progress=0.972495 finished=1 crashed=0 truncated=0
  [lg0_t0] 4/20 t=10778s: episode=0 seed=4581 steps=224 progress=0.997782 finished=1 crashed=0 truncated=0
  [lg0_t0] 5/20 t=10941s: episode=0 seed=4611 steps=215 progress=0.967517 finished=1 crashed=0 truncated=0
  -> C:\Users\wladd\Documents\GitHub\gravity-lab-pytorch\artifacts\sac_redq_8hr_coverage_20260906_022918\lg2_t0_batches_rgordteq\batch_000000.mp4
  [lg0_t0] 6/20 t=11120s: episode=0 seed=4649 steps=220 progress=0.968573 finished=1 crashed=0 truncated=0
  [lg0_t0] 7/20 t=11217s: episode=0 seed=4673 steps=217 progress=0.969454 finished=1 crashed=0 truncated=0
  [lg2_t0] 1/20 t=7553s: episode=0 seed=3864 steps=668 progress=0.467152 finished=0 crashed=1 truncated=0
  [lg0_t0] 8/20 t=11341s: episode=0 seed=4701 steps=212 progress=0.968633 finished=1 crashed=0 truncated=0
  [lg0_t0] 9/20 t=11505s: episode=0 seed=4735 steps=218 progress=0.968559 finished=1 crashed=0 truncated=0
  [lg2_t0] 2/20 t=7842s: episode=0 seed=3932 steps=544 progress=0.480323 finished=0 crashed=1 truncated=0
  [lg0_t0] 10/20 t=11594s: episode=0 seed=4756 steps=219 progress=0.968912 finished=1 crashed=0 truncated=0
  -> C:\Users\wladd\Documents\GitHub\gravity-lab-pytorch\artifacts\sac_redq_8hr_coverage_20260906_022918\lg1_t0_batches_iwiah12q\batch_000001.mp4
  [lg2_t0] 3/20 t=8013s: episode=0 seed=3973 steps=771 progress=0.465724 finished=0 crashed=1 truncated=0
  [lg0_t0] 11/20 t=11826s: episode=0 seed=4797 steps=215 progress=0.972393 finished=1 crashed=0 truncated=0
  [lg1_t0] 1/20 t=10440s: episode=0 seed=4505 steps=295 progress=0.978564 finished=1 crashed=0 truncated=0
  [lg2_t0] 4/20 t=8022s: episode=0 seed=3974 steps=423 progress=0.345437 finished=0 crashed=1 truncated=0
  [lg0_t0] 12/20 t=11970s: episode=0 seed=4825 steps=211 progress=0.969977 finished=1 crashed=0 truncated=0
  [lg1_t0] 2/20 t=10591s: episode=0 seed=4537 steps=299 progress=0.976247 finished=1 crashed=0 truncated=0
  [lg0_t0] 13/20 t=12014s: episode=0 seed=4830 steps=216 progress=0.967144 finished=1 crashed=0 truncated=0
  [lg2_t0] 5/20 t=8282s: episode=0 seed=4033 steps=554 progress=0.464413 finished=0 crashed=1 truncated=0
  [lg1_t0] 3/20 t=10723s: episode=0 seed=4569 steps=307 progress=0.979137 finished=1 crashed=0 truncated=0
  [lg0_t0] 14/20 t=12278s: episode=0 seed=4887 steps=211 progress=0.970839 finished=1 crashed=0 truncated=0
  [lg2_t0] 6/20 t=8311s: episode=0 seed=4042 steps=222 progress=0.238569 finished=0 crashed=1 truncated=0
  [lg1_t0] 4/20 t=10862s: episode=0 seed=4595 steps=294 progress=0.98352 finished=1 crashed=0 truncated=0
  [lg0_t0] 15/20 t=12434s: episode=0 seed=4917 steps=211 progress=0.972474 finished=1 crashed=0 truncated=0
  [lg1_t0] 5/20 t=11013s: episode=0 seed=4627 steps=284 progress=0.977964 finished=1 crashed=0 truncated=0
  [lg2_t0] 7/20 t=8465s: episode=0 seed=4078 steps=725 progress=0.464496 finished=0 crashed=1 truncated=0
  [lg0_t0] 16/20 t=12540s: episode=0 seed=4942 steps=221 progress=0.969154 finished=1 crashed=0 truncated=0
  [lg0_t0] 17/20 t=12745s: episode=0 seed=4985 steps=214 progress=0.972215 finished=1 crashed=0 truncated=0
  [lg1_t0] 6/20 t=11178s: episode=0 seed=4663 steps=285 progress=0.860817 finished=0 crashed=1 truncated=0
  [lg2_t0] 8/20 t=8696s: episode=0 seed=4127 steps=539 progress=0.433752 finished=0 crashed=0 truncated=0
  [lg0_t0] 18/20 t=12865s: episode=0 seed=5013 steps=210 progress=0.971941 finished=1 crashed=0 truncated=0
  [lg1_t0] 7/20 t=11297s: episode=0 seed=4691 steps=312 progress=0.977319 finished=1 crashed=0 truncated=0
  [lg2_t0] 9/20 t=8704s: episode=0 seed=4127 steps=834 progress=0.464623 finished=0 crashed=1 truncated=0
  [lg0_t0] 19/20 t=13056s: episode=0 seed=5049 steps=211 progress=0.968361 finished=1 crashed=0 truncated=0
  [lg1_t0] 8/20 t=11434s: episode=0 seed=4721 steps=317 progress=0.978214 finished=1 crashed=0 truncated=0
  [lg0_t0] 20/20 t=13169s: episode=0 seed=5073 steps=218 progress=0.968818 finished=1 crashed=0 truncated=0
  [lg1_t0] 9/20 t=11588s: episode=0 seed=4753 steps=291 progress=0.979545 finished=1 crashed=0 truncated=0
  [lg2_t0] 10/20 t=8790s: episode=0 seed=4150 steps=866 progress=0.464508 finished=0 crashed=1 truncated=0
  [lg1_t0] 10/20 t=11700s: episode=0 seed=4775 steps=58 progress=0.0307805 finished=0 crashed=0 truncated=0
  [lg2_t0] 11/20 t=8863s: episode=0 seed=4166 steps=665 progress=0.465551 finished=0 crashed=1 truncated=0
  [lg1_t0] 11/20 t=11704s: episode=0 seed=4775 steps=313 progress=0.977598 finished=1 crashed=0 truncated=0
  [lg1_t0] 12/20 t=11868s: episode=0 seed=4809 steps=305 progress=0.976299 finished=1 crashed=0 truncated=0
  [lg2_t0] 12/20 t=8995s: episode=0 seed=4198 steps=652 progress=0.435032 finished=0 crashed=0 truncated=0
  [lg1_t0] 13/20 t=12064s: episode=0 seed=4839 steps=251 progress=0.303381 finished=0 crashed=1 truncated=0
  [lg2_t0] 13/20 t=9005s: episode=0 seed=4198 steps=790 progress=0.464674 finished=0 crashed=1 truncated=0
  [lg1_t0] 14/20 t=12191s: episode=0 seed=4867 steps=324 progress=0.974599 finished=1 crashed=0 truncated=0
  [lg1_t0] 15/20 t=12342s: episode=0 seed=4899 steps=317 progress=0.973948 finished=1 crashed=0 truncated=0
  [lg2_t0] 14/20 t=9019s: episode=0 seed=4202 steps=785 progress=0.464277 finished=0 crashed=1 truncated=0
  [lg1_t0] 16/20 t=12493s: episode=0 seed=4929 steps=346 progress=0.978197 finished=1 crashed=0 truncated=0
  [lg2_t0] 15/20 t=9039s: episode=0 seed=4206 steps=460 progress=0.335138 finished=0 crashed=1 truncated=0
  -> C:\Users\wladd\Documents\GitHub\gravity-lab-pytorch\artifacts\sac_redq_8hr_coverage_20260906_022918\lg0_t0_batches_df5gkwe4\batch_000002.mp4
  [lg1_t0] 17/20 t=12646s: episode=0 seed=4961 steps=302 progress=0.978499 finished=1 crashed=0 truncated=0
  [lg2_t0] 16/20 t=9343s: episode=0 seed=4274 steps=454 progress=0.336907 finished=0 crashed=1 truncated=0
  [lg1_t0] 18/20 t=12804s: episode=0 seed=4997 steps=301 progress=0.976632 finished=1 crashed=0 truncated=0
  [lg0_t0] 1/20 t=13272s: episode=0 seed=5099 steps=214 progress=0.970246 finished=1 crashed=0 truncated=0
  [lg2_t0] 17/20 t=9617s: episode=0 seed=4333 steps=537 progress=0.457551 finished=0 crashed=1 truncated=0
  [lg0_t0] 2/20 t=13461s: episode=0 seed=5131 steps=255 progress=0.969345 finished=1 crashed=0 truncated=0
  [lg1_t0] 19/20 t=12970s: episode=0 seed=5031 steps=291 progress=0.977314 finished=1 crashed=0 truncated=0
  [lg0_t0] 3/20 t=13587s: episode=0 seed=5157 steps=213 progress=0.970542 finished=1 crashed=0 truncated=0
  [lg1_t0] 20/20 t=13117s: episode=0 seed=5059 steps=302 progress=0.978019 finished=1 crashed=0 truncated=0
  [lg2_t0] 18/20 t=9685s: episode=0 seed=4348 steps=777 progress=0.464507 finished=0 crashed=1 truncated=0
  [lg0_t0] 4/20 t=13709s: episode=0 seed=5183 steps=217 progress=0.967288 finished=1 crashed=0 truncated=0
  [lg2_t0] 19/20 t=9698s: episode=0 seed=4350 steps=504 progress=0.470152 finished=0 crashed=1 truncated=0
  [lg0_t0] 5/20 t=13849s: episode=0 seed=5211 steps=212 progress=0.969566 finished=1 crashed=0 truncated=0
  [lg2_t0] 20/20 t=9919s: episode=0 seed=4396 steps=450 progress=0.296983 finished=0 crashed=1 truncated=0
  [lg0_t0] 6/20 t=13984s: episode=0 seed=5241 steps=210 progress=0.9711 finished=1 crashed=0 truncated=0
