launching resume (0.0s / 28800.0s so far, restart 0/20)
{
  "active_training_duration_seconds": 509.8226980420295,
  "best_evaluation": {
    "crash_rate": 0.8,
    "environment_count": 30,
    "episode_count": 90,
    "episodes": [
      {
        "crashed": false,
        "episode": 0,
        "finished": true,
        "league": 0,
        "length": 228,
        "level_group": 0,
        "progress": 0.9685508830664938,
        "reward": 77.90936155422123,
        "seed": 2000007,
        "track": 0,
        "track_name": "Intro",
        "truncated": false
      },
      {
        "crashed": false,
        "episode": 1,
        "finished": true,
        "league": 0,
        "length": 228,
        "level_group": 0,
        "progress": 0.9685508830664938,
        "reward": 77.90936155422123,
        "seed": 2000008,
        "track": 0,
        "track_name": "Intro",
        "truncated": false
      },
      {
        "crashed": false,
        "episode": 2,
        "finished": true,
        "league": 0,
        "length": 228,
        "level_group": 0,
        "progress": 0.9685508830664938,
        "reward": 77.90936155422123,
        "seed": 2000009,
        "track": 0,
        "track_name": "Intro",
        "truncated": false
      },
      {
        "crashed": true,
        "episode": 0,
        "finished": false,
        "league": 0,
        "length": 144,
        "level_group": 0,
        "progress": 0.6233980253145293,
        "reward": 12.638200199090022,
        "seed": 2000010,
        "track": 1,
        "track_name": "Shorty",
        "truncated": false
      },
      {
        "crashed": true,
        "episode": 1,
        "finished": false,
        "league": 0,
        "length": 144,
        "level_group": 0,
        "progress": 0.6233980253145293,
        "reward": 12.638200199090022,
        "seed": 2000011,
        "track": 1,
        "track_name": "Shorty",
        "truncated": false
      },
      {
        "crashed": true,
        "episode": 2,
        "finished": false,
        "league": 0,
        "length": 144,
        "level_group": 0,
        "progress": 0.6233980253145293,
        "reward": 12.638200199090022,
        "seed": 2000012,
        "track": 1,
        "track_name": "Shorty",
        "truncated": false
      },
      {
        "crashed": false,
        "episode": 0,
        "finished": false,
        "league": 0,
        "length": 2000,
        "level_group": 0,
        "progress": 0.6725376524675986,
        "reward": -64.11250149984384,
        "seed": 2000013,
        "track": 2,
        "track_name": "Slope",
        "truncated": true
      },
      {
        "crashed": false,
        "episode": 1,
        "finished": false,
        "league": 0,
        "length": 2000,
        "level_group": 0,
        "progress": 0.6725376524675986,
        "reward": -64.11250149984384,
        "seed": 2000014,
        "track": 2,
        "track_name": "Slope",
        "truncated": true
      },
      {
        "crashed": false,
        "episode": 2,
        "finished": false,
        "league": 0,
        "length": 2000,
        "level_group": 0,
        "progress": 0.6725376524675986,
        "reward": -64.11250149984384,
        "seed": 2000015,
        "track": 2,
        "track_name": "Slope",
        "truncated": true
      },
      {
        "crashed": false,
        "episode": 0,
        "finished": true,
        "league": 0,
        "length": 424,
        "level_group": 0,
        "progress": 0.9806180298783397,
        "reward": 72.27633599166758,
        "seed": 2000016,
        "track": 3,
        "track_name": "Crackle",
        "truncated": false
      },
      {
        "crashed": false,
        "episode": 1,
        "finished": true,
        "league": 0,
        "length": 424,
        "level_group": 0,
        "progress": 0.9806180298783397,
        "reward": 72.27633599166758,
        "seed": 2000017,
        "track": 3,
        "track_name": "Crackle",
        "truncated": false
      },
      {
        "crashed": false,
        "episode": 2,
        "finished": true,
        "league": 0,
        "length": 424,
        "level_group": 0,
        "progress": 0.9806180298783397,
        "reward": 72.27633599166758,
        "seed": 2000018,
        "track": 3,
        "track_name": "Crackle",
        "truncated": false
      },
      {
        "crashed": true,
        "episode": 0,
        "finished": false,
        "league": 0,
        "length": 917,
        "level_group": 0,
        "progress": 0.7315507258077066,
        "reward": 4.795424714027799,
        "seed": 2000019,
        "track": 4,
        "track_name": "Knolls",
        "truncated": false
      },
      {
        "crashed": true,
        "episode": 1,
        "finished": false,
        "league": 0,
        "length": 917,
        "level_group": 0,
        "progress": 0.7315507258077066,
        "reward": 4.795424714027799,
        "seed": 2000020,
        "track": 4,
        "track_name": "Knolls",
        "truncated": false
      },
      {
        "crashed": true,
        "episode": 2,
        "finished": false,
        "league": 0,
        "length": 917,
        "level_group": 0,
        "progress": 0.7315507258077066,
        "reward": 4.795424714027799,
        "seed": 2000021,
        "track": 4,
        "track_name": "Knolls",
        "truncated": false
      },
      {
        "crashed": true,
        "episode": 0,
        "finished": false,
        "league": 0,
        "length": 160,
        "level_group": 0,
        "progress": 0.33346616683467745,
        "reward": 5.398966346109473,
        "seed": 2000022,
        "track": 5,
        "track_name": "Deep",
        "truncated": false
      },
      {
        "crashed": true,
        "episode": 1,
        "finished": false,
        "league": 0,
        "length": 160,
        "level_group": 0,
        "progress": 0.33346616683467745,
        "reward": 5.398966346109473,
        "seed": 2000023,
        "track": 5,
        "track_name": "Deep",
        "truncated": false
      },
      {
        "crashed": true,
        "episode": 2,
        "finished": false,
        "league": 0,
        "length": 160,
        "level_group": 0,
        "progress": 0.33346616683467745,
        "reward": 5.398966346109473,
        "seed": 2000024,
        "track": 5,
        "track_name": "Deep",
        "truncated": false
      },
      {
        "crashed": true,
        "episode": 0,
        "finished": false,
        "league": 0,
        "length": 167,
        "level_group": 0,
        "progress": 0.181173583984375,
        "reward": -2.683490768384928,
        "seed": 2000025,
        "track": 6,
        "track_name": "Cliff",
        "truncated": false
      },
      {
        "crashed": true,
        "episode": 1,
        "finished": false,
        "league": 0,
        "length": 167,
        "level_group": 0,
        "progress": 0.181173583984375,
        "reward": -2.683490768384928,
        "seed": 2000026,
        "track": 6,
        "track_name": "Cliff",
        "truncated": false
      },
      {
        "crashed": true,
        "episode": 2,
        "finished": false,
        "league": 0,
        "length": 167,
        "level_group": 0,
        "progress": 0.181173583984375,
        "reward": -2.683490768384928,
        "seed": 2000027,
        "track": 6,
        "track_name": "Cliff",
        "truncated": false
      },
      {
        "crashed": true,
        "episode": 0,
        "finished": false,
        "league": 0,
        "length": 826,
        "level_group": 0,
        "progress": 0.37690085827464787,
        "reward": -4.06222073407798,
        "seed": 2000028,
        "track": 7,
        "track_name": "Hole",
        "truncated": false
      },
      {
        "crashed": true,
        "episode": 1,
        "finished": false,
        "league": 0,
        "length": 826,
        "level_group": 0,
        "progress": 0.37690085827464787,
        "reward": -4.06222073407798,
        "seed": 2000029,
        "track": 7,
        "track_name": "Hole",
        "truncated": false
      },
      {
        "crashed": true,
        "episode": 2,
        "finished": false,
        "league": 0,
        "length": 826,
        "level_group": 0,
        "progress": 0.37690085827464787,
        "reward": -4.06222073407798,
        "seed": 2000030,
        "track": 7,
        "track_name": "Hole",
        "truncated": false
      },
      {
        "crashed": true,
        "episode": 0,
        "finished": false,
        "league": 0,
        "length": 1357,
        "level_group": 0,
        "progress": 0.5945627646087673,
        "reward": -6.296194524321846,
        "seed": 2000031,
        "track": 8,
        "track_name": "Original",
        "truncated": false
      },
      {
        "crashed": true,
        "episode": 1,
        "finished": false,
        "league": 0,
        "length": 1357,
        "level_group": 0,
        "progress": 0.5945627646087673,
        "reward": -6.296194524321846,
        "seed": 2000032,
        "track": 8,
        "track_name": "Original",
        "truncated": false
      },
      {
        "crashed": true,
        "episode": 2,
        "finished": false,
        "league": 0,
        "length": 1357,
        "level_group": 0,
        "progress": 0.5945627646087673,
        "reward": -6.296194524321846,
        "seed": 2000033,
        "track": 8,
        "track_name": "Original",
        "truncated": false
      },
      {
        "crashed": true,
        "episode": 0,
        "finished": false,
        "league": 0,
        "length": 240,
        "level_group": 0,
        "progress": 0.5166712732219377,
        "reward": 8.422812833408182,
        "seed": 2000034,
        "track": 9,
        "track_name": "Savvy",
        "truncated": false
      },
      {
        "crashed": true,
        "episode": 1,
        "finished": false,
        "league": 0,
        "length": 240,
        "level_group": 0,
        "progress": 0.5166712732219377,
        "reward": 8.422812833408182,
        "seed": 2000035,
        "track": 9,
        "track_name": "Savvy",
        "truncated": false
      },
      {
        "crashed": true,
        "episode": 2,
        "finished": false,
        "league": 0,
        "length": 240,
        "level_group": 0,
        "progress": 0.5166712732219377,
        "reward": 8.422812833408182,
        "seed": 2000036,
        "track": 9,
        "track_name": "Savvy",
        "truncated": false
      },
      {
        "crashed": true,
        "episode": 0,
        "finished": false,
        "league": 1,
        "length": 202,
        "level_group": 1,
        "progress": 0.07813064773361404,
        "reward": -5.330546526204625,
        "seed": 2000037,
        "track": 0,
        "track_name": "Indoor",
        "truncated": false
      },
      {
        "crashed": true,
        "episode": 1,
        "finished": false,
        "league": 1,
        "length": 202,
        "level_group": 1,
        "progress": 0.07813064773361404,
        "reward": -5.330546526204625,
        "seed": 2000038,
        "track": 0,
        "track_name": "Indoor",
        "truncated": false
      },
      {
        "crashed": true,
        "episode": 2,
        "finished": false,
        "league": 1,
        "length": 202,
        "level_group": 1,
        "progress": 0.07813064773361404,
        "reward": -5.330546526204625,
        "seed": 2000039,
        "track": 0,
        "track_name": "Indoor",
        "truncated": false
      },
      {
        "crashed": false,
        "episode": 0,
        "finished": false,
        "league": 1,
        "length": 2000,
        "level_group": 1,
        "progress": 0.04997797573313994,
        "reward": -160.29695491142758,
        "seed": 2000040,
        "track": 1,
        "track_name": "Spikeholes",
        "truncated": true
      },
      {
        "crashed": false,
        "episode": 1,
        "finished": false,
        "league": 1,
        "length": 2000,
        "level_group": 1,
        "progress": 0.04997797573313994,
        "reward": -160.29695491142758,
        "seed": 2000041,
        "track": 1,
        "track_name": "Spikeholes",
        "truncated": true
      },
      {
        "crashed": false,
        "episode": 2,
        "finished": false,
        "league": 1,
        "length": 2000,
        "level_group": 1,
        "progress": 0.04997797573313994,
        "reward": -160.29695491142758,
        "seed": 2000042,
        "track": 1,
        "track_name": "Spikeholes",
        "truncated": true
      },
      {
        "crashed": true,
        "episode": 0,
        "finished": false,
        "league": 1,
        "length": 164,
        "level_group": 1,
        "progress": 0.5003621647226599,
        "reward": 7.342469741888585,
        "seed": 2000043,
        "track": 2,
        "track_name": "Downhill",
        "truncated": false
      },
      {
        "crashed": true,
        "episode": 1,
        "finished": false,
        "league": 1,
        "length": 164,
        "level_group": 1,
        "progress": 0.5003621647226599,
        "reward": 7.342469741888585,
        "seed": 2000044,
        "track": 2,
        "track_name": "Downhill",
        "truncated": false
      },
      {
        "crashed": true,
        "episode": 2,
        "finished": false,
        "league": 1,
        "length": 164,
        "level_group": 1,
        "progress": 0.5003621647226599,
        "reward": 7.342469741888585,
        "seed": 2000045,
        "track": 2,
        "track_name": "Downhill",
        "truncated": false
      },
      {
        "crashed": false,
        "episode": 0,
        "finished": false,
        "league": 1,
        "length": 2000,
        "level_group": 1,
        "progress": 0.3335452714571643,
        "reward": -114.6143286654244,
        "seed": 2000046,
        "track": 3,
        "track_name": "Hillclimb",
        "truncated": true
      },
      {
        "crashed": false,
        "episode": 1,
        "finished": false,
        "league": 1,
        "length": 2000,
        "level_group": 1,
        "progress": 0.3335452714571643,
        "reward": -114.6143286654244,
        "seed": 2000047,
        "track": 3,
        "track_name": "Hillclimb",
        "truncated": true
      },
      {
        "crashed": false,
        "episode": 2,
        "finished": false,
        "league": 1,
        "length": 2000,
        "level_group": 1,
        "progress": 0.3335452714571643,
        "reward": -114.6143286654244,
        "seed": 2000048,
        "track": 3,
        "track_name": "Hillclimb",
        "truncated": true
      },
      {
        "crashed": true,
        "episode": 0,
        "finished": false,
        "league": 1,
        "length": 287,
        "level_group": 1,
        "progress": 0.024761910209232428,
        "reward": -8.282523071308509,
        "seed": 2000049,
        "track": 4,
        "track_name": "Modesty",
        "truncated": false
      },
      {
        "crashed": true,
        "episode": 1,
        "finished": false,
        "league": 1,
        "length": 287,
        "level_group": 1,
        "progress": 0.024761910209232428,
        "reward": -8.282523071308509,
        "seed": 2000050,
        "track": 4,
        "track_name": "Modesty",
        "truncated": false
      },
      {
        "crashed": true,
        "episode": 2,
        "finished": false,
        "league": 1,
        "length": 287,
        "level_group": 1,
        "progress": 0.024761910209232428,
        "reward": -8.282523071308509,
        "seed": 2000051,
        "track": 4,
        "track_name": "Modesty",
        "truncated": false
      },
      {
        "crashed": true,
        "episode": 0,
        "finished": false,
        "league": 1,
        "length": 246,
        "level_group": 1,
        "progress": 0.11326209009658171,
        "reward": -3.1505235249682513,
        "seed": 2000052,
        "track": 5,
        "track_name": "Blocks",
        "truncated": false
      },
      {
        "crashed": true,
        "episode": 1,
        "finished": false,
        "league": 1,
        "length": 246,
        "level_group": 1,
        "progress": 0.11326209009658171,
        "reward": -3.1505235249682513,
        "seed": 2000053,
        "track": 5,
        "track_name": "Blocks",
        "truncated": false
      },
      {
        "crashed": true,
        "episode": 2,
        "finished": false,
        "league": 1,
        "length": 246,
        "level_group": 1,
        "progress": 0.11326209009658171,
        "reward": -3.1505235249682513,
        "seed": 2000054,
        "track": 5,
        "track_name": "Blocks",
        "truncated": false
      },
      {
        "crashed": true,
        "episode": 0,
        "finished": false,
        "league": 1,
        "length": 266,
        "level_group": 1,
        "progress": 0.13054475451071132,
        "reward": -4.075875127612843,
        "seed": 2000055,
        "track": 6,
        "track_name": "Bumps",
        "truncated": false
      },
      {
        "crashed": true,
        "episode": 1,
        "finished": false,
        "league": 1,
        "length": 266,
        "level_group": 1,
        "progress": 0.13054475451071132,
        "reward": -4.075875127612843,
        "seed": 2000056,
        "track": 6,
        "track_name": "Bumps",
        "truncated": false
      },
      {
        "crashed": true,
        "episode": 2,
        "finished": false,
        "league": 1,
        "length": 266,
        "level_group": 1,
        "progress": 0.13054475451071132,
        "reward": -4.075875127612843,
        "seed": 2000057,
        "track": 6,
        "track_name": "Bumps",
        "truncated": false
      },
      {
        "crashed": true,
        "episode": 0,
        "finished": false,
        "league": 1,
        "length": 563,
        "level_group": 1,
        "progress": 0.28874341179342833,
        "reward": -2.0125026304016576,
        "seed": 2000058,
        "track": 7,
        "track_name": "Spikehops",
        "truncated": false
      },
      {
        "crashed": true,
        "episode": 1,
        "finished": false,
        "league": 1,
        "length": 563,
        "level_group": 1,
        "progress": 0.28874341179342833,
        "reward": -2.0125026304016576,
        "seed": 2000059,
        "track": 7,
        "track_name": "Spikehops",
        "truncated": false
      },
      {
        "crashed": true,
        "episode": 2,
        "finished": false,
        "league": 1,
        "length": 563,
        "level_group": 1,
        "progress": 0.28874341179342833,
        "reward": -2.0125026304016576,
        "seed": 2000060,
        "track": 7,
        "track_name": "Spikehops",
        "truncated": false
      },
      {
        "crashed": true,
        "episode": 0,
        "finished": false,
        "league": 1,
        "length": 696,
        "level_group": 1,
        "progress": 0.32737126350402834,
        "reward": -1.1246413939277247,
        "seed": 2000061,
        "track": 8,
        "track_name": "Pillar",
        "truncated": false
      },
      {
        "crashed": true,
        "episode": 1,
        "finished": false,
        "league": 1,
        "length": 696,
        "level_group": 1,
        "progress": 0.32737126350402834,
        "reward": -1.1246413939277247,
        "seed": 2000062,
        "track": 8,
        "track_name": "Pillar",
        "truncated": false
      },
      {
        "crashed": true,
        "episode": 2,
        "finished": false,
        "league": 1,
        "length": 696,
        "level_group": 1,
        "progress": 0.32737126350402834,
        "reward": -1.1246413939277247,
        "seed": 2000063,
        "track": 8,
        "track_name": "Pillar",
        "truncated": false
      },
      {
        "crashed": true,
        "episode": 0,
        "finished": false,
        "league": 1,
        "length": 146,
        "level_group": 1,
        "progress": 0.2131863774297083,
        "reward": -0.7327522263102413,
        "seed": 2000064,
        "track": 9,
        "track_name": "Trenches",
        "truncated": false
      },
      {
        "crashed": true,
        "episode": 1,
        "finished": false,
        "league": 1,
        "length": 146,
        "level_group": 1,
        "progress": 0.2131863774297083,
        "reward": -0.7327522263102413,
        "seed": 2000065,
        "track": 9,
        "track_name": "Trenches",
        "truncated": false
      },
      {
        "crashed": true,
        "episode": 2,
        "finished": false,
        "league": 1,
        "length": 146,
        "level_group": 1,
        "progress": 0.2131863774297083,
        "reward": -0.7327522263102413,
        "seed": 2000066,
        "track": 9,
        "track_name": "Trenches",
        "truncated": false
      },
      {
        "crashed": true,
        "episode": 0,
        "finished": false,
        "league": 2,
        "length": 505,
        "level_group": 2,
        "progress": 0.4734827122649971,
        "reward": 1.7563393613492435,
        "seed": 2000067,
        "track": 0,
        "track_name": "Floorboards",
        "truncated": false
      },
      {
        "crashed": true,
        "episode": 1,
        "finished": false,
        "league": 2,
        "length": 505,
        "level_group": 2,
        "progress": 0.4734827122649971,
        "reward": 1.7563393613492435,
        "seed": 2000068,
        "track": 0,
        "track_name": "Floorboards",
        "truncated": false
      },
      {
        "crashed": true,
        "episode": 2,
        "finished": false,
        "league": 2,
        "length": 505,
        "level_group": 2,
        "progress": 0.4734827122649971,
        "reward": 1.7563393613492435,
        "seed": 2000069,
        "track": 0,
        "track_name": "Floorboards",
        "truncated": false
      },
      {
        "crashed": true,
        "episode": 0,
        "finished": false,
        "league": 2,
        "length": 504,
        "level_group": 2,
        "progress": 0.06506413157393293,
        "reward": -18.739278235344507,
        "seed": 2000070,
        "track": 1,
        "track_name": "Tip top",
        "truncated": false
      },
      {
        "crashed": true,
        "episode": 1,
        "finished": false,
        "league": 2,
        "length": 504,
        "level_group": 2,
        "progress": 0.06506413157393293,
        "reward": -18.739278235344507,
        "seed": 2000071,
        "track": 1,
        "track_name": "Tip top",
        "truncated": false
      },
      {
        "crashed": true,
        "episode": 2,
        "finished": false,
        "league": 2,
        "length": 504,
        "level_group": 2,
        "progress": 0.06506413157393293,
        "reward": -18.739278235344507,
        "seed": 2000072,
        "track": 1,
        "track_name": "Tip top",
        "truncated": false
      },
      {
        "crashed": true,
        "episode": 0,
        "finished": false,
        "league": 2,
        "length": 370,
        "level_group": 2,
        "progress": 0.02955464755787569,
        "reward": -4.8986545580866965,
        "seed": 2000073,
        "track": 2,
        "track_name": "Dantes Peak",
        "truncated": false
      },
      {
        "crashed": true,
        "episode": 1,
        "finished": false,
        "league": 2,
        "length": 370,
        "level_group": 2,
        "progress": 0.02955464755787569,
        "reward": -4.8986545580866965,
        "seed": 2000074,
        "track": 2,
        "track_name": "Dantes Peak",
        "truncated": false
      },
      {
        "crashed": true,
        "episode": 2,
        "finished": false,
        "league": 2,
        "length": 370,
        "level_group": 2,
        "progress": 0.02955464755787569,
        "reward": -4.8986545580866965,
        "seed": 2000075,
        "track": 2,
        "track_name": "Dantes Peak",
        "truncated": false
      },
      {
        "crashed": true,
        "episode": 0,
        "finished": false,
        "league": 2,
        "length": 144,
        "level_group": 2,
        "progress": 0.1922272253387976,
        "reward": -2.570640929534886,
        "seed": 2000076,
        "track": 3,
        "track_name": "Abrupt",
        "truncated": false
      },
      {
        "crashed": true,
        "episode": 1,
        "finished": false,
        "league": 2,
        "length": 144,
        "level_group": 2,
        "progress": 0.1922272253387976,
        "reward": -2.570640929534886,
        "seed": 2000077,
        "track": 3,
        "track_name": "Abrupt",
        "truncated": false
      },
      {
        "crashed": true,
        "episode": 2,
        "finished": false,
        "league": 2,
        "length": 144,
        "level_group": 2,
        "progress": 0.1922272253387976,
        "reward": -2.570640929534886,
        "seed": 2000078,
        "track": 3,
        "track_name": "Abrupt",
        "truncated": false
      },
      {
        "crashed": true,
        "episode": 0,
        "finished": false,
        "league": 2,
        "length": 139,
        "level_group": 2,
        "progress": 0.41815262929006536,
        "reward": 3.7890192101039544,
        "seed": 2000079,
        "track": 4,
        "track_name": "Undertaker",
        "truncated": false
      },
      {
        "crashed": true,
        "episode": 1,
        "finished": false,
        "league": 2,
        "length": 139,
        "level_group": 2,
        "progress": 0.41815262929006536,
        "reward": 3.7890192101039544,
        "seed": 2000080,
        "track": 4,
        "track_name": "Undertaker",
        "truncated": false
      },
      {
        "crashed": true,
        "episode": 2,
        "finished": false,
        "league": 2,
        "length": 139,
        "level_group": 2,
        "progress": 0.41815262929006536,
        "reward": 3.7890192101039544,
        "seed": 2000081,
        "track": 4,
        "track_name": "Undertaker",
        "truncated": false
      },
      {
        "crashed": true,
        "episode": 0,
        "finished": false,
        "league": 2,
        "length": 120,
        "level_group": 2,
        "progress": 0.14973866747889872,
        "reward": -2.4083913370105083,
        "seed": 2000082,
        "track": 5,
        "track_name": "Liberty",
        "truncated": false
      },
      {
        "crashed": true,
        "episode": 1,
        "finished": false,
        "league": 2,
        "length": 120,
        "level_group": 2,
        "progress": 0.14973866747889872,
        "reward": -2.4083913370105083,
        "seed": 2000083,
        "track": 5,
        "track_name": "Liberty",
        "truncated": false
      },
      {
        "crashed": true,
        "episode": 2,
        "finished": false,
        "league": 2,
        "length": 120,
        "level_group": 2,
        "progress": 0.14973866747889872,
        "reward": -2.4083913370105083,
        "seed": 2000084,
        "track": 5,
        "track_name": "Liberty",
        "truncated": false
      },
      {
        "crashed": true,
        "episode": 0,
        "finished": false,
        "league": 2,
        "length": 828,
        "level_group": 2,
        "progress": 0.39720404198259995,
        "reward": -44.35770664288632,
        "seed": 2000085,
        "track": 6,
        "track_name": "Intense",
        "truncated": false
      },
      {
        "crashed": true,
        "episode": 1,
        "finished": false,
        "league": 2,
        "length": 828,
        "level_group": 2,
        "progress": 0.39720404198259995,
        "reward": -44.35770664288632,
        "seed": 2000086,
        "track": 6,
        "track_name": "Intense",
        "truncated": false
      },
      {
        "crashed": true,
        "episode": 2,
        "finished": false,
        "league": 2,
        "length": 828,
        "level_group": 2,
        "progress": 0.39720404198259995,
        "reward": -44.35770664288632,
        "seed": 2000087,
        "track": 6,
        "track_name": "Intense",
        "truncated": false
      },
      {
        "crashed": true,
        "episode": 0,
        "finished": false,
        "league": 2,
        "length": 589,
        "level_group": 2,
        "progress": 0.07029037004958448,
        "reward": -17.10040628551296,
        "seed": 2000088,
        "track": 7,
        "track_name": "100%",
        "truncated": false
      },
      {
        "crashed": true,
        "episode": 1,
        "finished": false,
        "league": 2,
        "length": 589,
        "level_group": 2,
        "progress": 0.07029037004958448,
        "reward": -17.10040628551296,
        "seed": 2000089,
        "track": 7,
        "track_name": "100%",
        "truncated": false
      },
      {
        "crashed": true,
        "episode": 2,
        "finished": false,
        "league": 2,
        "length": 589,
        "level_group": 2,
        "progress": 0.07029037004958448,
        "reward": -17.10040628551296,
        "seed": 2000090,
        "track": 7,
        "track_name": "100%",
        "truncated": false
      },
      {
        "crashed": false,
        "episode": 0,
        "finished": false,
        "league": 2,
        "length": 2000,
        "level_group": 2,
        "progress": 0.21499206372001925,
        "reward": -83.72988057386543,
        "seed": 2000091,
        "track": 8,
        "track_name": "Training day",
        "truncated": true
      },
      {
        "crashed": false,
        "episode": 1,
        "finished": false,
        "league": 2,
        "length": 2000,
        "level_group": 2,
        "progress": 0.21499206372001925,
        "reward": -83.72988057386543,
        "seed": 2000092,
        "track": 8,
        "track_name": "Training day",
        "truncated": true
      },
      {
        "crashed": false,
        "episode": 2,
        "finished": false,
        "league": 2,
        "length": 2000,
        "level_group": 2,
        "progress": 0.21499206372001925,
        "reward": -83.72988057386543,
        "seed": 2000093,
        "track": 8,
        "track_name": "Training day",
        "truncated": true
      },
      {
        "crashed": true,
        "episode": 0,
        "finished": false,
        "league": 2,
        "length": 359,
        "level_group": 2,
        "progress": -0.005022483648255814,
        "reward": -12.621590341355347,
        "seed": 2000094,
        "track": 9,
        "track_name": "Trial again",
        "truncated": false
      },
      {
        "crashed": true,
        "episode": 1,
        "finished": false,
        "league": 2,
        "length": 359,
        "level_group": 2,
        "progress": -0.005022483648255814,
        "reward": -12.621590341355347,
        "seed": 2000095,
        "track": 9,
        "track_name": "Trial again",
        "truncated": false
      },
      {
        "crashed": true,
        "episode": 2,
        "finished": false,
        "league": 2,
        "length": 359,
        "level_group": 2,
        "progress": -0.005022483648255814,
        "reward": -12.621590341355347,
        "seed": 2000096,
        "track": 9,
        "track_name": "Trial again",
        "truncated": false
      }
    ],
    "episodes_per_environment": 3,
    "epsilon": 0.0,
    "finish_rate": 0.06666666666666667,
    "mean_episode_length": 619.7,
    "mean_progress": 0.3348333278752619,
    "mean_reward": -12.295755818531498,
    "median_reward": -2.91700714667659,
    "truncation_rate": 0.13333333333333333
  },
  "best_policy_active_training_seconds": 309.11156933382154,
  "checkpoint_selection_rule": "best (finish_rate, mean_progress) seen during periodic evaluation; see best_evaluation and paths.best_checkpoint",
  "completed_episode_count": 363,
  "final_evaluation": {
    "crash_rate": 0.8333333333333334,
    "environment_count": 30,
    "episode_count": 90,
    "episodes": [
      {
        "crashed": false,
        "episode": 0,
        "finished": true,
        "league": 0,
        "length": 216,
        "level_group": 0,
        "progress": 0.9693537827564462,
        "reward": 78.50911760765796,
        "seed": 2000007,
        "track": 0,
        "track_name": "Intro",
        "truncated": false
      },
      {
        "crashed": false,
        "episode": 1,
        "finished": true,
        "league": 0,
        "length": 216,
        "level_group": 0,
        "progress": 0.9693537827564462,
        "reward": 78.50911760765796,
        "seed": 2000008,
        "track": 0,
        "track_name": "Intro",
        "truncated": false
      },
      {
        "crashed": false,
        "episode": 2,
        "finished": true,
        "league": 0,
        "length": 216,
        "level_group": 0,
        "progress": 0.9693537827564462,
        "reward": 78.50911760765796,
        "seed": 2000009,
        "track": 0,
        "track_name": "Intro",
        "truncated": false
      },
      {
        "crashed": false,
        "episode": 0,
        "finished": true,
        "league": 0,
        "length": 267,
        "level_group": 0,
        "progress": 0.9775403081154337,
        "reward": 75.97168693016337,
        "seed": 2000010,
        "track": 1,
        "track_name": "Shorty",
        "truncated": false
      },
      {
        "crashed": false,
        "episode": 1,
        "finished": true,
        "league": 0,
        "length": 267,
        "level_group": 0,
        "progress": 0.9775403081154337,
        "reward": 75.97168693016337,
        "seed": 2000011,
        "track": 1,
        "track_name": "Shorty",
        "truncated": false
      },
      {
        "crashed": false,
        "episode": 2,
        "finished": true,
        "league": 0,
        "length": 267,
        "level_group": 0,
        "progress": 0.9775403081154337,
        "reward": 75.97168693016337,
        "seed": 2000012,
        "track": 1,
        "track_name": "Shorty",
        "truncated": false
      },
      {
        "crashed": true,
        "episode": 0,
        "finished": false,
        "league": 0,
        "length": 302,
        "level_group": 0,
        "progress": 0.27478194706646314,
        "reward": -2.7363298769323348,
        "seed": 2000013,
        "track": 2,
        "track_name": "Slope",
        "truncated": false
      },
      {
        "crashed": true,
        "episode": 1,
        "finished": false,
        "league": 0,
        "length": 302,
        "level_group": 0,
        "progress": 0.27478194706646314,
        "reward": -2.7363298769323348,
        "seed": 2000014,
        "track": 2,
        "track_name": "Slope",
        "truncated": false
      },
      {
        "crashed": true,
        "episode": 2,
        "finished": false,
        "league": 0,
        "length": 302,
        "level_group": 0,
        "progress": 0.27478194706646314,
        "reward": -2.7363298769323348,
        "seed": 2000015,
        "track": 2,
        "track_name": "Slope",
        "truncated": false
      },
      {
        "crashed": false,
        "episode": 0,
        "finished": false,
        "league": 0,
        "length": 2000,
        "level_group": 0,
        "progress": 0.23697463173902672,
        "reward": -182.23632018358683,
        "seed": 2000016,
        "track": 3,
        "track_name": "Crackle",
        "truncated": true
      },
      {
        "crashed": false,
        "episode": 1,
        "finished": false,
        "league": 0,
        "length": 2000,
        "level_group": 0,
        "progress": 0.23697463173902672,
        "reward": -182.23632018358683,
        "seed": 2000017,
        "track": 3,
        "track_name": "Crackle",
        "truncated": true
      },
      {
        "crashed": false,
        "episode": 2,
        "finished": false,
        "league": 0,
        "length": 2000,
        "level_group": 0,
        "progress": 0.23697463173902672,
        "reward": -182.23632018358683,
        "seed": 2000018,
        "track": 3,
        "track_name": "Crackle",
        "truncated": true
      },
      {
        "crashed": true,
        "episode": 0,
        "finished": false,
        "league": 0,
        "length": 560,
        "level_group": 0,
        "progress": 0.5563398262419074,
        "reward": 4.115961764078893,
        "seed": 2000019,
        "track": 4,
        "track_name": "Knolls",
        "truncated": false
      },
      {
        "crashed": true,
        "episode": 1,
        "finished": false,
        "league": 0,
        "length": 560,
        "level_group": 0,
        "progress": 0.5563398262419074,
        "reward": 4.115961764078893,
        "seed": 2000020,
        "track": 4,
        "track_name": "Knolls",
        "truncated": false
      },
      {
        "crashed": true,
        "episode": 2,
        "finished": false,
        "league": 0,
        "length": 560,
        "level_group": 0,
        "progress": 0.5563398262419074,
        "reward": 4.115961764078893,
        "seed": 2000021,
        "track": 4,
        "track_name": "Knolls",
        "truncated": false
      },
      {
        "crashed": true,
        "episode": 0,
        "finished": false,
        "league": 0,
        "length": 170,
        "level_group": 0,
        "progress": 0.3322949481266801,
        "reward": 5.060308234703895,
        "seed": 2000022,
        "track": 5,
        "track_name": "Deep",
        "truncated": false
      },
      {
        "crashed": true,
        "episode": 1,
        "finished": false,
        "league": 0,
        "length": 170,
        "level_group": 0,
        "progress": 0.3322949481266801,
        "reward": 5.060308234703895,
        "seed": 2000023,
        "track": 5,
        "track_name": "Deep",
        "truncated": false
      },
      {
        "crashed": true,
        "episode": 2,
        "finished": false,
        "league": 0,
        "length": 170,
        "level_group": 0,
        "progress": 0.3322949481266801,
        "reward": 5.060308234703895,
        "seed": 2000024,
        "track": 5,
        "track_name": "Deep",
        "truncated": false
      },
      {
        "crashed": true,
        "episode": 0,
        "finished": false,
        "league": 0,
        "length": 281,
        "level_group": 0,
        "progress": 0.761933837890625,
        "reward": 14.803208295257818,
        "seed": 2000025,
        "track": 6,
        "track_name": "Cliff",
        "truncated": false
      },
      {
        "crashed": true,
        "episode": 1,
        "finished": false,
        "league": 0,
        "length": 281,
        "level_group": 0,
        "progress": 0.761933837890625,
        "reward": 14.803208295257818,
        "seed": 2000026,
        "track": 6,
        "track_name": "Cliff",
        "truncated": false
      },
      {
        "crashed": true,
        "episode": 2,
        "finished": false,
        "league": 0,
        "length": 281,
        "level_group": 0,
        "progress": 0.761933837890625,
        "reward": 14.803208295257818,
        "seed": 2000027,
        "track": 6,
        "track_name": "Cliff",
        "truncated": false
      },
      {
        "crashed": true,
        "episode": 0,
        "finished": false,
        "league": 0,
        "length": 972,
        "level_group": 0,
        "progress": 0.38050769214898766,
        "reward": -8.14402833078674,
        "seed": 2000028,
        "track": 7,
        "track_name": "Hole",
        "truncated": false
      },
      {
        "crashed": true,
        "episode": 1,
        "finished": false,
        "league": 0,
        "length": 972,
        "level_group": 0,
        "progress": 0.38050769214898766,
        "reward": -8.14402833078674,
        "seed": 2000029,
        "track": 7,
        "track_name": "Hole",
        "truncated": false
      },
      {
        "crashed": true,
        "episode": 2,
        "finished": false,
        "league": 0,
        "length": 972,
        "level_group": 0,
        "progress": 0.38050769214898766,
        "reward": -8.14402833078674,
        "seed": 2000030,
        "track": 7,
        "track_name": "Hole",
        "truncated": false
      },
      {
        "crashed": true,
        "episode": 0,
        "finished": false,
        "league": 0,
        "length": 330,
        "level_group": 0,
        "progress": 0.1134591329272904,
        "reward": -3.7312003162787244,
        "seed": 2000031,
        "track": 8,
        "track_name": "Original",
        "truncated": false
      },
      {
        "crashed": true,
        "episode": 1,
        "finished": false,
        "league": 0,
        "length": 330,
        "level_group": 0,
        "progress": 0.1134591329272904,
        "reward": -3.7312003162787244,
        "seed": 2000032,
        "track": 8,
        "track_name": "Original",
        "truncated": false
      },
      {
        "crashed": true,
        "episode": 2,
        "finished": false,
        "league": 0,
        "length": 330,
        "level_group": 0,
        "progress": 0.1134591329272904,
        "reward": -3.7312003162787244,
        "seed": 2000033,
        "track": 8,
        "track_name": "Original",
        "truncated": false
      },
      {
        "crashed": true,
        "episode": 0,
        "finished": false,
        "league": 0,
        "length": 293,
        "level_group": 0,
        "progress": 0.4822209080724812,
        "reward": 4.7543145124985795,
        "seed": 2000034,
        "track": 9,
        "track_name": "Savvy",
        "truncated": false
      },
      {
        "crashed": true,
        "episode": 1,
        "finished": false,
        "league": 0,
        "length": 293,
        "level_group": 0,
        "progress": 0.4822209080724812,
        "reward": 4.7543145124985795,
        "seed": 2000035,
        "track": 9,
        "track_name": "Savvy",
        "truncated": false
      },
      {
        "crashed": true,
        "episode": 2,
        "finished": false,
        "league": 0,
        "length": 293,
        "level_group": 0,
        "progress": 0.4822209080724812,
        "reward": 4.7543145124985795,
        "seed": 2000036,
        "track": 9,
        "track_name": "Savvy",
        "truncated": false
      },
      {
        "crashed": true,
        "episode": 0,
        "finished": false,
        "league": 1,
        "length": 272,
        "level_group": 1,
        "progress": 0.1360521192674513,
        "reward": -7.45667500204763,
        "seed": 2000037,
        "track": 0,
        "track_name": "Indoor",
        "truncated": false
      },
      {
        "crashed": true,
        "episode": 1,
        "finished": false,
        "league": 1,
        "length": 272,
        "level_group": 1,
        "progress": 0.1360521192674513,
        "reward": -7.45667500204763,
        "seed": 2000038,
        "track": 0,
        "track_name": "Indoor",
        "truncated": false
      },
      {
        "crashed": true,
        "episode": 2,
        "finished": false,
        "league": 1,
        "length": 272,
        "level_group": 1,
        "progress": 0.1360521192674513,
        "reward": -7.45667500204763,
        "seed": 2000039,
        "track": 0,
        "track_name": "Indoor",
        "truncated": false
      },
      {
        "crashed": true,
        "episode": 0,
        "finished": false,
        "league": 1,
        "length": 785,
        "level_group": 1,
        "progress": 0.0668647429522346,
        "reward": -8.325855935705404,
        "seed": 2000040,
        "track": 1,
        "track_name": "Spikeholes",
        "truncated": false
      },
      {
        "crashed": true,
        "episode": 1,
        "finished": false,
        "league": 1,
        "length": 785,
        "level_group": 1,
        "progress": 0.0668647429522346,
        "reward": -8.325855935705404,
        "seed": 2000041,
        "track": 1,
        "track_name": "Spikeholes",
        "truncated": false
      },
      {
        "crashed": true,
        "episode": 2,
        "finished": false,
        "league": 1,
        "length": 785,
        "level_group": 1,
        "progress": 0.0668647429522346,
        "reward": -8.325855935705404,
        "seed": 2000042,
        "track": 1,
        "track_name": "Spikeholes",
        "truncated": false
      },
      {
        "crashed": true,
        "episode": 0,
        "finished": false,
        "league": 1,
        "length": 164,
        "level_group": 1,
        "progress": 0.45140649847178455,
        "reward": 5.935064557619698,
        "seed": 2000043,
        "track": 2,
        "track_name": "Downhill",
        "truncated": false
      },
      {
        "crashed": true,
        "episode": 1,
        "finished": false,
        "league": 1,
        "length": 164,
        "level_group": 1,
        "progress": 0.45140649847178455,
        "reward": 5.935064557619698,
        "seed": 2000044,
        "track": 2,
        "track_name": "Downhill",
        "truncated": false
      },
      {
        "crashed": true,
        "episode": 2,
        "finished": false,
        "league": 1,
        "length": 164,
        "level_group": 1,
        "progress": 0.45140649847178455,
        "reward": 5.935064557619698,
        "seed": 2000045,
        "track": 2,
        "track_name": "Downhill",
        "truncated": false
      },
      {
        "crashed": true,
        "episode": 0,
        "finished": false,
        "league": 1,
        "length": 406,
        "level_group": 1,
        "progress": 0.1925205667690596,
        "reward": -4.292864006056106,
        "seed": 2000046,
        "track": 3,
        "track_name": "Hillclimb",
        "truncated": false
      },
      {
        "crashed": true,
        "episode": 1,
        "finished": false,
        "league": 1,
        "length": 406,
        "level_group": 1,
        "progress": 0.1925205667690596,
        "reward": -4.292864006056106,
        "seed": 2000047,
        "track": 3,
        "track_name": "Hillclimb",
        "truncated": false
      },
      {
        "crashed": true,
        "episode": 2,
        "finished": false,
        "league": 1,
        "length": 406,
        "level_group": 1,
        "progress": 0.1925205667690596,
        "reward": -4.292864006056106,
        "seed": 2000048,
        "track": 3,
        "track_name": "Hillclimb",
        "truncated": false
      },
      {
        "crashed": true,
        "episode": 0,
        "finished": false,
        "league": 1,
        "length": 280,
        "level_group": 1,
        "progress": 0.04126112028938039,
        "reward": -6.8360212915776515,
        "seed": 2000049,
        "track": 4,
        "track_name": "Modesty",
        "truncated": false
      },
      {
        "crashed": true,
        "episode": 1,
        "finished": false,
        "league": 1,
        "length": 280,
        "level_group": 1,
        "progress": 0.04126112028938039,
        "reward": -6.8360212915776515,
        "seed": 2000050,
        "track": 4,
        "track_name": "Modesty",
        "truncated": false
      },
      {
        "crashed": true,
        "episode": 2,
        "finished": false,
        "league": 1,
        "length": 280,
        "level_group": 1,
        "progress": 0.04126112028938039,
        "reward": -6.8360212915776515,
        "seed": 2000051,
        "track": 4,
        "track_name": "Modesty",
        "truncated": false
      },
      {
        "crashed": true,
        "episode": 0,
        "finished": false,
        "league": 1,
        "length": 476,
        "level_group": 1,
        "progress": 0.15008479080282497,
        "reward": -9.414094998019628,
        "seed": 2000052,
        "track": 5,
        "track_name": "Blocks",
        "truncated": false
      },
      {
        "crashed": true,
        "episode": 1,
        "finished": false,
        "league": 1,
        "length": 476,
        "level_group": 1,
        "progress": 0.15008479080282497,
        "reward": -9.414094998019628,
        "seed": 2000053,
        "track": 5,
        "track_name": "Blocks",
        "truncated": false
      },
      {
        "crashed": true,
        "episode": 2,
        "finished": false,
        "league": 1,
        "length": 476,
        "level_group": 1,
        "progress": 0.15008479080282497,
        "reward": -9.414094998019628,
        "seed": 2000054,
        "track": 5,
        "track_name": "Blocks",
        "truncated": false
      },
      {
        "crashed": true,
        "episode": 0,
        "finished": false,
        "league": 1,
        "length": 514,
        "level_group": 1,
        "progress": 0.1295827145187708,
        "reward": -2.6031852222931096,
        "seed": 2000055,
        "track": 6,
        "track_name": "Bumps",
        "truncated": false
      },
      {
        "crashed": true,
        "episode": 1,
        "finished": false,
        "league": 1,
        "length": 514,
        "level_group": 1,
        "progress": 0.1295827145187708,
        "reward": -2.6031852222931096,
        "seed": 2000056,
        "track": 6,
        "track_name": "Bumps",
        "truncated": false
      },
      {
        "crashed": true,
        "episode": 2,
        "finished": false,
        "league": 1,
        "length": 514,
        "level_group": 1,
        "progress": 0.1295827145187708,
        "reward": -2.6031852222931096,
        "seed": 2000057,
        "track": 6,
        "track_name": "Bumps",
        "truncated": false
      },
      {
        "crashed": true,
        "episode": 0,
        "finished": false,
        "league": 1,
        "length": 576,
        "level_group": 1,
        "progress": 0.30710596196791706,
        "reward": -2.465141602101722,
        "seed": 2000058,
        "track": 7,
        "track_name": "Spikehops",
        "truncated": false
      },
      {
        "crashed": true,
        "episode": 1,
        "finished": false,
        "league": 1,
        "length": 576,
        "level_group": 1,
        "progress": 0.30710596196791706,
        "reward": -2.465141602101722,
        "seed": 2000059,
        "track": 7,
        "track_name": "Spikehops",
        "truncated": false
      },
      {
        "crashed": true,
        "episode": 2,
        "finished": false,
        "league": 1,
        "length": 576,
        "level_group": 1,
        "progress": 0.30710596196791706,
        "reward": -2.465141602101722,
        "seed": 2000060,
        "track": 7,
        "track_name": "Spikehops",
        "truncated": false
      },
      {
        "crashed": true,
        "episode": 0,
        "finished": false,
        "league": 1,
        "length": 588,
        "level_group": 1,
        "progress": 0.33018741607666013,
        "reward": -0.29642105321686785,
        "seed": 2000061,
        "track": 8,
        "track_name": "Pillar",
        "truncated": false
      },
      {
        "crashed": true,
        "episode": 1,
        "finished": false,
        "league": 1,
        "length": 588,
        "level_group": 1,
        "progress": 0.33018741607666013,
        "reward": -0.29642105321686785,
        "seed": 2000062,
        "track": 8,
        "track_name": "Pillar",
        "truncated": false
      },
      {
        "crashed": true,
        "episode": 2,
        "finished": false,
        "league": 1,
        "length": 588,
        "level_group": 1,
        "progress": 0.33018741607666013,
        "reward": -0.29642105321686785,
        "seed": 2000063,
        "track": 8,
        "track_name": "Pillar",
        "truncated": false
      },
      {
        "crashed": false,
        "episode": 0,
        "finished": false,
        "league": 1,
        "length": 2000,
        "level_group": 1,
        "progress": 0.18181084105687112,
        "reward": -138.52996330949276,
        "seed": 2000064,
        "track": 9,
        "track_name": "Trenches",
        "truncated": true
      },
      {
        "crashed": false,
        "episode": 1,
        "finished": false,
        "league": 1,
        "length": 2000,
        "level_group": 1,
        "progress": 0.18181084105687112,
        "reward": -138.52996330949276,
        "seed": 2000065,
        "track": 9,
        "track_name": "Trenches",
        "truncated": true
      },
      {
        "crashed": false,
        "episode": 2,
        "finished": false,
        "league": 1,
        "length": 2000,
        "level_group": 1,
        "progress": 0.18181084105687112,
        "reward": -138.52996330949276,
        "seed": 2000066,
        "track": 9,
        "track_name": "Trenches",
        "truncated": true
      },
      {
        "crashed": true,
        "episode": 0,
        "finished": false,
        "league": 2,
        "length": 44,
        "level_group": 2,
        "progress": 0.04376543047233783,
        "reward": -3.4774532808793595,
        "seed": 2000067,
        "track": 0,
        "track_name": "Floorboards",
        "truncated": false
      },
      {
        "crashed": true,
        "episode": 1,
        "finished": false,
        "league": 2,
        "length": 44,
        "level_group": 2,
        "progress": 0.04376543047233783,
        "reward": -3.4774532808793595,
        "seed": 2000068,
        "track": 0,
        "track_name": "Floorboards",
        "truncated": false
      },
      {
        "crashed": true,
        "episode": 2,
        "finished": false,
        "league": 2,
        "length": 44,
        "level_group": 2,
        "progress": 0.04376543047233783,
        "reward": -3.4774532808793595,
        "seed": 2000069,
        "track": 0,
        "track_name": "Floorboards",
        "truncated": false
      },
      {
        "crashed": true,
        "episode": 0,
        "finished": false,
        "league": 2,
        "length": 374,
        "level_group": 2,
        "progress": 0.0961158417492378,
        "reward": -7.990956724592401,
        "seed": 2000070,
        "track": 1,
        "track_name": "Tip top",
        "truncated": false
      },
      {
        "crashed": true,
        "episode": 1,
        "finished": false,
        "league": 2,
        "length": 374,
        "level_group": 2,
        "progress": 0.0961158417492378,
        "reward": -7.990956724592401,
        "seed": 2000071,
        "track": 1,
        "track_name": "Tip top",
        "truncated": false
      },
      {
        "crashed": true,
        "episode": 2,
        "finished": false,
        "league": 2,
        "length": 374,
        "level_group": 2,
        "progress": 0.0961158417492378,
        "reward": -7.990956724592401,
        "seed": 2000072,
        "track": 1,
        "track_name": "Tip top",
        "truncated": false
      },
      {
        "crashed": true,
        "episode": 0,
        "finished": false,
        "league": 2,
        "length": 371,
        "level_group": 2,
        "progress": 0.02990307527429917,
        "reward": -5.393270258209458,
        "seed": 2000073,
        "track": 2,
        "track_name": "Dantes Peak",
        "truncated": false
      },
      {
        "crashed": true,
        "episode": 1,
        "finished": false,
        "league": 2,
        "length": 371,
        "level_group": 2,
        "progress": 0.02990307527429917,
        "reward": -5.393270258209458,
        "seed": 2000074,
        "track": 2,
        "track_name": "Dantes Peak",
        "truncated": false
      },
      {
        "crashed": true,
        "episode": 2,
        "finished": false,
        "league": 2,
        "length": 371,
        "level_group": 2,
        "progress": 0.02990307527429917,
        "reward": -5.393270258209458,
        "seed": 2000075,
        "track": 2,
        "track_name": "Dantes Peak",
        "truncated": false
      },
      {
        "crashed": true,
        "episode": 0,
        "finished": false,
        "league": 2,
        "length": 387,
        "level_group": 2,
        "progress": 0.525368205452434,
        "reward": 0.9742856996637919,
        "seed": 2000076,
        "track": 3,
        "track_name": "Abrupt",
        "truncated": false
      },
      {
        "crashed": true,
        "episode": 1,
        "finished": false,
        "league": 2,
        "length": 387,
        "level_group": 2,
        "progress": 0.525368205452434,
        "reward": 0.9742856996637919,
        "seed": 2000077,
        "track": 3,
        "track_name": "Abrupt",
        "truncated": false
      },
      {
        "crashed": true,
        "episode": 2,
        "finished": false,
        "league": 2,
        "length": 387,
        "level_group": 2,
        "progress": 0.525368205452434,
        "reward": 0.9742856996637919,
        "seed": 2000078,
        "track": 3,
        "track_name": "Abrupt",
        "truncated": false
      },
      {
        "crashed": true,
        "episode": 0,
        "finished": false,
        "league": 2,
        "length": 165,
        "level_group": 2,
        "progress": 0.4324487846362421,
        "reward": 4.4693865881592325,
        "seed": 2000079,
        "track": 4,
        "track_name": "Undertaker",
        "truncated": false
      },
      {
        "crashed": true,
        "episode": 1,
        "finished": false,
        "league": 2,
        "length": 165,
        "level_group": 2,
        "progress": 0.4324487846362421,
        "reward": 4.4693865881592325,
        "seed": 2000080,
        "track": 4,
        "track_name": "Undertaker",
        "truncated": false
      },
      {
        "crashed": true,
        "episode": 2,
        "finished": false,
        "league": 2,
        "length": 165,
        "level_group": 2,
        "progress": 0.4324487846362421,
        "reward": 4.4693865881592325,
        "seed": 2000081,
        "track": 4,
        "track_name": "Undertaker",
        "truncated": false
      },
      {
        "crashed": true,
        "episode": 0,
        "finished": false,
        "league": 2,
        "length": 139,
        "level_group": 2,
        "progress": 0.2730518598648513,
        "reward": 0.11512289162941247,
        "seed": 2000082,
        "track": 5,
        "track_name": "Liberty",
        "truncated": false
      },
      {
        "crashed": true,
        "episode": 1,
        "finished": false,
        "league": 2,
        "length": 139,
        "level_group": 2,
        "progress": 0.2730518598648513,
        "reward": 0.11512289162941247,
        "seed": 2000083,
        "track": 5,
        "track_name": "Liberty",
        "truncated": false
      },
      {
        "crashed": true,
        "episode": 2,
        "finished": false,
        "league": 2,
        "length": 139,
        "level_group": 2,
        "progress": 0.2730518598648513,
        "reward": 0.11512289162941247,
        "seed": 2000084,
        "track": 5,
        "track_name": "Liberty",
        "truncated": false
      },
      {
        "crashed": true,
        "episode": 0,
        "finished": false,
        "league": 2,
        "length": 145,
        "level_group": 2,
        "progress": 0.1921214656107556,
        "reward": -0.8206188217160548,
        "seed": 2000085,
        "track": 6,
        "track_name": "Intense",
        "truncated": false
      },
      {
        "crashed": true,
        "episode": 1,
        "finished": false,
        "league": 2,
        "length": 145,
        "level_group": 2,
        "progress": 0.1921214656107556,
        "reward": -0.8206188217160548,
        "seed": 2000086,
        "track": 6,
        "track_name": "Intense",
        "truncated": false
      },
      {
        "crashed": true,
        "episode": 2,
        "finished": false,
        "league": 2,
        "length": 145,
        "level_group": 2,
        "progress": 0.1921214656107556,
        "reward": -0.8206188217160548,
        "seed": 2000087,
        "track": 6,
        "track_name": "Intense",
        "truncated": false
      },
      {
        "crashed": true,
        "episode": 0,
        "finished": false,
        "league": 2,
        "length": 503,
        "level_group": 2,
        "progress": 0.061559958193218814,
        "reward": -11.999722999848693,
        "seed": 2000088,
        "track": 7,
        "track_name": "100%",
        "truncated": false
      },
      {
        "crashed": true,
        "episode": 1,
        "finished": false,
        "league": 2,
        "length": 503,
        "level_group": 2,
        "progress": 0.061559958193218814,
        "reward": -11.999722999848693,
        "seed": 2000089,
        "track": 7,
        "track_name": "100%",
        "truncated": false
      },
      {
        "crashed": true,
        "episode": 2,
        "finished": false,
        "league": 2,
        "length": 503,
        "level_group": 2,
        "progress": 0.061559958193218814,
        "reward": -11.999722999848693,
        "seed": 2000090,
        "track": 7,
        "track_name": "100%",
        "truncated": false
      },
      {
        "crashed": false,
        "episode": 0,
        "finished": false,
        "league": 2,
        "length": 2000,
        "level_group": 2,
        "progress": 0.21651913939403886,
        "reward": -104.94590422143308,
        "seed": 2000091,
        "track": 8,
        "track_name": "Training day",
        "truncated": true
      },
      {
        "crashed": false,
        "episode": 1,
        "finished": false,
        "league": 2,
        "length": 2000,
        "level_group": 2,
        "progress": 0.21651913939403886,
        "reward": -104.94590422143308,
        "seed": 2000092,
        "track": 8,
        "track_name": "Training day",
        "truncated": true
      },
      {
        "crashed": false,
        "episode": 2,
        "finished": false,
        "league": 2,
        "length": 2000,
        "level_group": 2,
        "progress": 0.21651913939403886,
        "reward": -104.94590422143308,
        "seed": 2000093,
        "track": 8,
        "track_name": "Training day",
        "truncated": true
      },
      {
        "crashed": true,
        "episode": 0,
        "finished": false,
        "league": 2,
        "length": 342,
        "level_group": 2,
        "progress": 0.00981644031613372,
        "reward": -9.944266260168932,
        "seed": 2000094,
        "track": 9,
        "track_name": "Trial again",
        "truncated": false
      },
      {
        "crashed": true,
        "episode": 1,
        "finished": false,
        "league": 2,
        "length": 342,
        "level_group": 2,
        "progress": 0.00981644031613372,
        "reward": -9.944266260168932,
        "seed": 2000095,
        "track": 9,
        "track_name": "Trial again",
        "truncated": false
      },
      {
        "crashed": true,
        "episode": 2,
        "finished": false,
        "league": 2,
        "length": 342,
        "level_group": 2,
        "progress": 0.00981644031613372,
        "reward": -9.944266260168932,
        "seed": 2000096,
        "track": 9,
        "track_name": "Trial again",
        "truncated": false
      }
    ],
    "episodes_per_environment": 3,
    "epsilon": 0.0,
    "finish_rate": 0.06666666666666667,
    "mean_episode_length": 530.7333333333333,
    "mean_progress": 0.29843179960739485,
    "mean_reward": -10.897727887117028,
    "median_reward": -3.106891578905847,
    "truncation_rate": 0.1
  },
  "format": "gravity-lab-rl-summary-v1",
  "optimizer_update_count": 177158,
  "paths": {
    "best_checkpoint": "artifacts/sac_redq_8hr_coverage_20260906_022918/best.pt",
    "best_policy": "artifacts/sac_redq_8hr_coverage_20260906_022918/best.gdp",
    "final_checkpoint": "artifacts/sac_redq_8hr_coverage_20260906_022918/final.pt",
    "final_policy": "artifacts/sac_redq_8hr_coverage_20260906_022918/final.gdp",
    "metadata": "artifacts/sac_redq_8hr_coverage_20260906_022918/metadata.json",
    "metrics": "artifacts/sac_redq_8hr_coverage_20260906_022918/metrics.jsonl"
  },
  "practice_episodes": 0,
  "practice_reconstructed_steps": 0,
  "reason": "control-stop",
  "run_id": "sac_redq_8hr_coverage_20260906_022918",
  "track_full_start_episodes": {
    "0": 12,
    "1": 13,
    "2": 13,
    "3": 12,
    "4": 12,
    "5": 12,
    "6": 12,
    "7": 13,
    "8": 12,
    "9": 13,
    "10": 12,
    "11": 12,
    "12": 12,
    "13": 11,
    "14": 13,
    "15": 13,
    "16": 14,
    "17": 14,
    "18": 11,
    "19": 11,
    "20": 12,
    "21": 11,
    "22": 12,
    "23": 12,
    "24": 12,
    "25": 12,
    "26": 11,
    "27": 12,
    "28": 11,
    "29": 11
  },
  "track_training_episodes": {
    "0": 12,
    "1": 13,
    "2": 13,
    "3": 12,
    "4": 12,
    "5": 12,
    "6": 12,
    "7": 13,
    "8": 12,
    "9": 13,
    "10": 12,
    "11": 12,
    "12": 12,
    "13": 11,
    "14": 13,
    "15": 13,
    "16": 14,
    "17": 14,
    "18": 11,
    "19": 11,
    "20": 12,
    "21": 11,
    "22": 12,
    "23": 12,
    "24": 12,
    "25": 12,
    "26": 11,
    "27": 12,
    "28": 11,
    "29": 11
  },
  "training_end_timestamp": "2026-09-06T09:38:44.536430+00:00",
  "training_start_timestamp": "2026-09-06T09:29:18.546353+00:00",
  "transition_count": 182159
}
Run: sac_redq_8hr_coverage_20260906_022918
Final checkpoint: artifacts/sac_redq_8hr_coverage_20260906_022918/final.pt
Final policy: artifacts/sac_redq_8hr_coverage_20260906_022918/final.gdp
Final evaluation: mean reward=-10.8977, mean progress=0.298432, finish=6.7%, crash=83.3%, truncation=10.0%
Best checkpoint: artifacts/sac_redq_8hr_coverage_20260906_022918/best.pt
Best policy: artifacts/sac_redq_8hr_coverage_20260906_022918/best.gdp
Best evaluation: mean reward=-12.2958, mean progress=0.334833, finish=6.7%, crash=80.0%, truncation=13.3%
Resume: gravity-lab-rl resume --run-id sac_redq_8hr_coverage_20260906_022918
Play: ./scripts/play_latest.sh --run-id sac_redq_8hr_coverage_20260906_022918
