launching resume (509.8s / 32400.0s so far, restart 0/20)
{
  "active_training_duration_seconds": 4757.562393083004,
  "best_evaluation": {
    "crash_rate": 0.6333333333333333,
    "environment_count": 30,
    "episode_count": 90,
    "episodes": [
      {
        "crashed": false,
        "episode": 0,
        "finished": true,
        "league": 0,
        "length": 210,
        "level_group": 0,
        "progress": 0.9693714364227158,
        "reward": 79.04567203074564,
        "seed": 2000007,
        "track": 0,
        "track_name": "Intro",
        "truncated": false
      },
      {
        "crashed": false,
        "episode": 1,
        "finished": true,
        "league": 0,
        "length": 210,
        "level_group": 0,
        "progress": 0.9693714364227158,
        "reward": 79.04567203074564,
        "seed": 2000008,
        "track": 0,
        "track_name": "Intro",
        "truncated": false
      },
      {
        "crashed": false,
        "episode": 2,
        "finished": true,
        "league": 0,
        "length": 210,
        "level_group": 0,
        "progress": 0.9693714364227158,
        "reward": 79.04567203074564,
        "seed": 2000009,
        "track": 0,
        "track_name": "Intro",
        "truncated": false
      },
      {
        "crashed": false,
        "episode": 0,
        "finished": true,
        "league": 0,
        "length": 255,
        "level_group": 0,
        "progress": 0.9771319727287222,
        "reward": 76.40267800160954,
        "seed": 2000010,
        "track": 1,
        "track_name": "Shorty",
        "truncated": false
      },
      {
        "crashed": false,
        "episode": 1,
        "finished": true,
        "league": 0,
        "length": 255,
        "level_group": 0,
        "progress": 0.9771319727287222,
        "reward": 76.40267800160954,
        "seed": 2000011,
        "track": 1,
        "track_name": "Shorty",
        "truncated": false
      },
      {
        "crashed": false,
        "episode": 2,
        "finished": true,
        "league": 0,
        "length": 255,
        "level_group": 0,
        "progress": 0.9771319727287222,
        "reward": 76.40267800160954,
        "seed": 2000012,
        "track": 1,
        "track_name": "Shorty",
        "truncated": false
      },
      {
        "crashed": true,
        "episode": 0,
        "finished": false,
        "league": 0,
        "length": 736,
        "level_group": 0,
        "progress": 0.29279563400412384,
        "reward": -13.962335147826858,
        "seed": 2000013,
        "track": 2,
        "track_name": "Slope",
        "truncated": false
      },
      {
        "crashed": true,
        "episode": 1,
        "finished": false,
        "league": 0,
        "length": 736,
        "level_group": 0,
        "progress": 0.29279563400412384,
        "reward": -13.962335147826858,
        "seed": 2000014,
        "track": 2,
        "track_name": "Slope",
        "truncated": false
      },
      {
        "crashed": true,
        "episode": 2,
        "finished": false,
        "league": 0,
        "length": 736,
        "level_group": 0,
        "progress": 0.29279563400412384,
        "reward": -13.962335147826858,
        "seed": 2000015,
        "track": 2,
        "track_name": "Slope",
        "truncated": false
      },
      {
        "crashed": false,
        "episode": 0,
        "finished": true,
        "league": 0,
        "length": 362,
        "level_group": 0,
        "progress": 0.980443776836832,
        "reward": 73.46231136523556,
        "seed": 2000016,
        "track": 3,
        "track_name": "Crackle",
        "truncated": false
      },
      {
        "crashed": false,
        "episode": 1,
        "finished": true,
        "league": 0,
        "length": 362,
        "level_group": 0,
        "progress": 0.980443776836832,
        "reward": 73.46231136523556,
        "seed": 2000017,
        "track": 3,
        "track_name": "Crackle",
        "truncated": false
      },
      {
        "crashed": false,
        "episode": 2,
        "finished": true,
        "league": 0,
        "length": 362,
        "level_group": 0,
        "progress": 0.980443776836832,
        "reward": 73.46231136523556,
        "seed": 2000018,
        "track": 3,
        "track_name": "Crackle",
        "truncated": false
      },
      {
        "crashed": false,
        "episode": 0,
        "finished": true,
        "league": 0,
        "length": 739,
        "level_group": 0,
        "progress": 0.9877588644445655,
        "reward": 69.31797836755396,
        "seed": 2000019,
        "track": 4,
        "track_name": "Knolls",
        "truncated": false
      },
      {
        "crashed": false,
        "episode": 1,
        "finished": true,
        "league": 0,
        "length": 739,
        "level_group": 0,
        "progress": 0.9877588644445655,
        "reward": 69.31797836755396,
        "seed": 2000020,
        "track": 4,
        "track_name": "Knolls",
        "truncated": false
      },
      {
        "crashed": false,
        "episode": 2,
        "finished": true,
        "league": 0,
        "length": 739,
        "level_group": 0,
        "progress": 0.9877588644445655,
        "reward": 69.31797836755396,
        "seed": 2000021,
        "track": 4,
        "track_name": "Knolls",
        "truncated": false
      },
      {
        "crashed": true,
        "episode": 0,
        "finished": false,
        "league": 0,
        "length": 196,
        "level_group": 0,
        "progress": 0.33960052818380376,
        "reward": 2.9409423939391957,
        "seed": 2000022,
        "track": 5,
        "track_name": "Deep",
        "truncated": false
      },
      {
        "crashed": true,
        "episode": 1,
        "finished": false,
        "league": 0,
        "length": 196,
        "level_group": 0,
        "progress": 0.33960052818380376,
        "reward": 2.9409423939391957,
        "seed": 2000023,
        "track": 5,
        "track_name": "Deep",
        "truncated": false
      },
      {
        "crashed": true,
        "episode": 2,
        "finished": false,
        "league": 0,
        "length": 196,
        "level_group": 0,
        "progress": 0.33960052818380376,
        "reward": 2.9409423939391957,
        "seed": 2000024,
        "track": 5,
        "track_name": "Deep",
        "truncated": false
      },
      {
        "crashed": true,
        "episode": 0,
        "finished": false,
        "league": 0,
        "length": 693,
        "level_group": 0,
        "progress": 0.363906005859375,
        "reward": -28.163125236634087,
        "seed": 2000025,
        "track": 6,
        "track_name": "Cliff",
        "truncated": false
      },
      {
        "crashed": true,
        "episode": 1,
        "finished": false,
        "league": 0,
        "length": 693,
        "level_group": 0,
        "progress": 0.363906005859375,
        "reward": -28.163125236634087,
        "seed": 2000026,
        "track": 6,
        "track_name": "Cliff",
        "truncated": false
      },
      {
        "crashed": true,
        "episode": 2,
        "finished": false,
        "league": 0,
        "length": 693,
        "level_group": 0,
        "progress": 0.363906005859375,
        "reward": -28.163125236634087,
        "seed": 2000027,
        "track": 6,
        "track_name": "Cliff",
        "truncated": false
      },
      {
        "crashed": false,
        "episode": 0,
        "finished": false,
        "league": 0,
        "length": 2000,
        "level_group": 0,
        "progress": 0.09902507083516725,
        "reward": -174.0789222473588,
        "seed": 2000028,
        "track": 7,
        "track_name": "Hole",
        "truncated": true
      },
      {
        "crashed": false,
        "episode": 1,
        "finished": false,
        "league": 0,
        "length": 2000,
        "level_group": 0,
        "progress": 0.09902507083516725,
        "reward": -174.0789222473588,
        "seed": 2000029,
        "track": 7,
        "track_name": "Hole",
        "truncated": true
      },
      {
        "crashed": false,
        "episode": 2,
        "finished": false,
        "league": 0,
        "length": 2000,
        "level_group": 0,
        "progress": 0.09902507083516725,
        "reward": -174.0789222473588,
        "seed": 2000030,
        "track": 7,
        "track_name": "Hole",
        "truncated": true
      },
      {
        "crashed": false,
        "episode": 0,
        "finished": true,
        "league": 0,
        "length": 1255,
        "level_group": 0,
        "progress": 0.990197975468615,
        "reward": 66.51856280231539,
        "seed": 2000031,
        "track": 8,
        "track_name": "Original",
        "truncated": false
      },
      {
        "crashed": false,
        "episode": 1,
        "finished": true,
        "league": 0,
        "length": 1255,
        "level_group": 0,
        "progress": 0.990197975468615,
        "reward": 66.51856280231539,
        "seed": 2000032,
        "track": 8,
        "track_name": "Original",
        "truncated": false
      },
      {
        "crashed": false,
        "episode": 2,
        "finished": true,
        "league": 0,
        "length": 1255,
        "level_group": 0,
        "progress": 0.990197975468615,
        "reward": 66.51856280231539,
        "seed": 2000033,
        "track": 8,
        "track_name": "Original",
        "truncated": false
      },
      {
        "crashed": false,
        "episode": 0,
        "finished": true,
        "league": 0,
        "length": 447,
        "level_group": 0,
        "progress": 0.9962339879677049,
        "reward": 76.74336993538614,
        "seed": 2000034,
        "track": 9,
        "track_name": "Savvy",
        "truncated": false
      },
      {
        "crashed": false,
        "episode": 1,
        "finished": true,
        "league": 0,
        "length": 447,
        "level_group": 0,
        "progress": 0.9962339879677049,
        "reward": 76.74336993538614,
        "seed": 2000035,
        "track": 9,
        "track_name": "Savvy",
        "truncated": false
      },
      {
        "crashed": false,
        "episode": 2,
        "finished": true,
        "league": 0,
        "length": 447,
        "level_group": 0,
        "progress": 0.9962339879677049,
        "reward": 76.74336993538614,
        "seed": 2000036,
        "track": 9,
        "track_name": "Savvy",
        "truncated": false
      },
      {
        "crashed": false,
        "episode": 0,
        "finished": true,
        "league": 1,
        "length": 516,
        "level_group": 1,
        "progress": 0.9824553650695008,
        "reward": 76.67434014005102,
        "seed": 2000037,
        "track": 0,
        "track_name": "Indoor",
        "truncated": false
      },
      {
        "crashed": false,
        "episode": 1,
        "finished": true,
        "league": 1,
        "length": 516,
        "level_group": 1,
        "progress": 0.9824553650695008,
        "reward": 76.67434014005102,
        "seed": 2000038,
        "track": 0,
        "track_name": "Indoor",
        "truncated": false
      },
      {
        "crashed": false,
        "episode": 2,
        "finished": true,
        "league": 1,
        "length": 516,
        "level_group": 1,
        "progress": 0.9824553650695008,
        "reward": 76.67434014005102,
        "seed": 2000039,
        "track": 0,
        "track_name": "Indoor",
        "truncated": false
      },
      {
        "crashed": false,
        "episode": 0,
        "finished": false,
        "league": 1,
        "length": 2000,
        "level_group": 1,
        "progress": 0.06624115214628332,
        "reward": -158.45242557917172,
        "seed": 2000040,
        "track": 1,
        "track_name": "Spikeholes",
        "truncated": true
      },
      {
        "crashed": false,
        "episode": 1,
        "finished": false,
        "league": 1,
        "length": 2000,
        "level_group": 1,
        "progress": 0.06624115214628332,
        "reward": -158.45242557917172,
        "seed": 2000041,
        "track": 1,
        "track_name": "Spikeholes",
        "truncated": true
      },
      {
        "crashed": false,
        "episode": 2,
        "finished": false,
        "league": 1,
        "length": 2000,
        "level_group": 1,
        "progress": 0.06624115214628332,
        "reward": -158.45242557917172,
        "seed": 2000042,
        "track": 1,
        "track_name": "Spikeholes",
        "truncated": true
      },
      {
        "crashed": true,
        "episode": 0,
        "finished": false,
        "league": 1,
        "length": 139,
        "level_group": 1,
        "progress": 0.3586581361060049,
        "reward": 3.6245700308010163,
        "seed": 2000043,
        "track": 2,
        "track_name": "Downhill",
        "truncated": false
      },
      {
        "crashed": true,
        "episode": 1,
        "finished": false,
        "league": 1,
        "length": 139,
        "level_group": 1,
        "progress": 0.3586581361060049,
        "reward": 3.6245700308010163,
        "seed": 2000044,
        "track": 2,
        "track_name": "Downhill",
        "truncated": false
      },
      {
        "crashed": true,
        "episode": 2,
        "finished": false,
        "league": 1,
        "length": 139,
        "level_group": 1,
        "progress": 0.3586581361060049,
        "reward": 3.6245700308010163,
        "seed": 2000045,
        "track": 2,
        "track_name": "Downhill",
        "truncated": false
      },
      {
        "crashed": false,
        "episode": 0,
        "finished": false,
        "league": 1,
        "length": 2000,
        "level_group": 1,
        "progress": 0.025900637033184983,
        "reward": -172.65450652164208,
        "seed": 2000046,
        "track": 3,
        "track_name": "Hillclimb",
        "truncated": true
      },
      {
        "crashed": false,
        "episode": 1,
        "finished": false,
        "league": 1,
        "length": 2000,
        "level_group": 1,
        "progress": 0.025900637033184983,
        "reward": -172.65450652164208,
        "seed": 2000047,
        "track": 3,
        "track_name": "Hillclimb",
        "truncated": true
      },
      {
        "crashed": false,
        "episode": 2,
        "finished": false,
        "league": 1,
        "length": 2000,
        "level_group": 1,
        "progress": 0.025900637033184983,
        "reward": -172.65450652164208,
        "seed": 2000048,
        "track": 3,
        "track_name": "Hillclimb",
        "truncated": true
      },
      {
        "crashed": true,
        "episode": 0,
        "finished": false,
        "league": 1,
        "length": 452,
        "level_group": 1,
        "progress": 0.04263994285122534,
        "reward": -10.763344154979897,
        "seed": 2000049,
        "track": 4,
        "track_name": "Modesty",
        "truncated": false
      },
      {
        "crashed": true,
        "episode": 1,
        "finished": false,
        "league": 1,
        "length": 452,
        "level_group": 1,
        "progress": 0.04263994285122534,
        "reward": -10.763344154979897,
        "seed": 2000050,
        "track": 4,
        "track_name": "Modesty",
        "truncated": false
      },
      {
        "crashed": true,
        "episode": 2,
        "finished": false,
        "league": 1,
        "length": 452,
        "level_group": 1,
        "progress": 0.04263994285122534,
        "reward": -10.763344154979897,
        "seed": 2000051,
        "track": 4,
        "track_name": "Modesty",
        "truncated": false
      },
      {
        "crashed": true,
        "episode": 0,
        "finished": false,
        "league": 1,
        "length": 638,
        "level_group": 1,
        "progress": 0.23639291312702265,
        "reward": -5.822908177294252,
        "seed": 2000052,
        "track": 5,
        "track_name": "Blocks",
        "truncated": false
      },
      {
        "crashed": true,
        "episode": 1,
        "finished": false,
        "league": 1,
        "length": 638,
        "level_group": 1,
        "progress": 0.23639291312702265,
        "reward": -5.822908177294252,
        "seed": 2000053,
        "track": 5,
        "track_name": "Blocks",
        "truncated": false
      },
      {
        "crashed": true,
        "episode": 2,
        "finished": false,
        "league": 1,
        "length": 638,
        "level_group": 1,
        "progress": 0.23639291312702265,
        "reward": -5.822908177294252,
        "seed": 2000054,
        "track": 5,
        "track_name": "Blocks",
        "truncated": false
      },
      {
        "crashed": true,
        "episode": 0,
        "finished": false,
        "league": 1,
        "length": 489,
        "level_group": 1,
        "progress": 0.1295724573627288,
        "reward": -2.7159987661803897,
        "seed": 2000055,
        "track": 6,
        "track_name": "Bumps",
        "truncated": false
      },
      {
        "crashed": true,
        "episode": 1,
        "finished": false,
        "league": 1,
        "length": 489,
        "level_group": 1,
        "progress": 0.1295724573627288,
        "reward": -2.7159987661803897,
        "seed": 2000056,
        "track": 6,
        "track_name": "Bumps",
        "truncated": false
      },
      {
        "crashed": true,
        "episode": 2,
        "finished": false,
        "league": 1,
        "length": 489,
        "level_group": 1,
        "progress": 0.1295724573627288,
        "reward": -2.7159987661803897,
        "seed": 2000057,
        "track": 6,
        "track_name": "Bumps",
        "truncated": false
      },
      {
        "crashed": true,
        "episode": 0,
        "finished": false,
        "league": 1,
        "length": 759,
        "level_group": 1,
        "progress": 0.32755212222828584,
        "reward": -3.102939651675885,
        "seed": 2000058,
        "track": 7,
        "track_name": "Spikehops",
        "truncated": false
      },
      {
        "crashed": true,
        "episode": 1,
        "finished": false,
        "league": 1,
        "length": 759,
        "level_group": 1,
        "progress": 0.32755212222828584,
        "reward": -3.102939651675885,
        "seed": 2000059,
        "track": 7,
        "track_name": "Spikehops",
        "truncated": false
      },
      {
        "crashed": true,
        "episode": 2,
        "finished": false,
        "league": 1,
        "length": 759,
        "level_group": 1,
        "progress": 0.32755212222828584,
        "reward": -3.102939651675885,
        "seed": 2000060,
        "track": 7,
        "track_name": "Spikehops",
        "truncated": false
      },
      {
        "crashed": true,
        "episode": 0,
        "finished": false,
        "league": 1,
        "length": 583,
        "level_group": 1,
        "progress": 0.33175320625305177,
        "reward": -0.02111203627100533,
        "seed": 2000061,
        "track": 8,
        "track_name": "Pillar",
        "truncated": false
      },
      {
        "crashed": true,
        "episode": 1,
        "finished": false,
        "league": 1,
        "length": 583,
        "level_group": 1,
        "progress": 0.33175320625305177,
        "reward": -0.02111203627100533,
        "seed": 2000062,
        "track": 8,
        "track_name": "Pillar",
        "truncated": false
      },
      {
        "crashed": true,
        "episode": 2,
        "finished": false,
        "league": 1,
        "length": 583,
        "level_group": 1,
        "progress": 0.33175320625305177,
        "reward": -0.02111203627100533,
        "seed": 2000063,
        "track": 8,
        "track_name": "Pillar",
        "truncated": false
      },
      {
        "crashed": true,
        "episode": 0,
        "finished": false,
        "league": 1,
        "length": 436,
        "level_group": 1,
        "progress": 0.18541359414859693,
        "reward": -2.878895998284579,
        "seed": 2000064,
        "track": 9,
        "track_name": "Trenches",
        "truncated": false
      },
      {
        "crashed": true,
        "episode": 1,
        "finished": false,
        "league": 1,
        "length": 436,
        "level_group": 1,
        "progress": 0.18541359414859693,
        "reward": -2.878895998284579,
        "seed": 2000065,
        "track": 9,
        "track_name": "Trenches",
        "truncated": false
      },
      {
        "crashed": true,
        "episode": 2,
        "finished": false,
        "league": 1,
        "length": 436,
        "level_group": 1,
        "progress": 0.18541359414859693,
        "reward": -2.878895998284579,
        "seed": 2000066,
        "track": 9,
        "track_name": "Trenches",
        "truncated": false
      },
      {
        "crashed": true,
        "episode": 0,
        "finished": false,
        "league": 2,
        "length": 903,
        "level_group": 2,
        "progress": 0.4727514816617035,
        "reward": -0.916507965276721,
        "seed": 2000067,
        "track": 0,
        "track_name": "Floorboards",
        "truncated": false
      },
      {
        "crashed": true,
        "episode": 1,
        "finished": false,
        "league": 2,
        "length": 903,
        "level_group": 2,
        "progress": 0.4727514816617035,
        "reward": -0.916507965276721,
        "seed": 2000068,
        "track": 0,
        "track_name": "Floorboards",
        "truncated": false
      },
      {
        "crashed": true,
        "episode": 2,
        "finished": false,
        "league": 2,
        "length": 903,
        "level_group": 2,
        "progress": 0.4727514816617035,
        "reward": -0.916507965276721,
        "seed": 2000069,
        "track": 0,
        "track_name": "Floorboards",
        "truncated": false
      },
      {
        "crashed": false,
        "episode": 0,
        "finished": false,
        "league": 2,
        "length": 2000,
        "level_group": 2,
        "progress": 0.1130103729992378,
        "reward": -158.54991644590737,
        "seed": 2000070,
        "track": 1,
        "track_name": "Tip top",
        "truncated": true
      },
      {
        "crashed": false,
        "episode": 1,
        "finished": false,
        "league": 2,
        "length": 2000,
        "level_group": 2,
        "progress": 0.1130103729992378,
        "reward": -158.54991644590737,
        "seed": 2000071,
        "track": 1,
        "track_name": "Tip top",
        "truncated": true
      },
      {
        "crashed": false,
        "episode": 2,
        "finished": false,
        "league": 2,
        "length": 2000,
        "level_group": 2,
        "progress": 0.1130103729992378,
        "reward": -158.54991644590737,
        "seed": 2000072,
        "track": 1,
        "track_name": "Tip top",
        "truncated": true
      },
      {
        "crashed": true,
        "episode": 0,
        "finished": false,
        "league": 2,
        "length": 386,
        "level_group": 2,
        "progress": 0.030723235186408546,
        "reward": -7.069805539918631,
        "seed": 2000073,
        "track": 2,
        "track_name": "Dantes Peak",
        "truncated": false
      },
      {
        "crashed": true,
        "episode": 1,
        "finished": false,
        "league": 2,
        "length": 386,
        "level_group": 2,
        "progress": 0.030723235186408546,
        "reward": -7.069805539918631,
        "seed": 2000074,
        "track": 2,
        "track_name": "Dantes Peak",
        "truncated": false
      },
      {
        "crashed": true,
        "episode": 2,
        "finished": false,
        "league": 2,
        "length": 386,
        "level_group": 2,
        "progress": 0.030723235186408546,
        "reward": -7.069805539918631,
        "seed": 2000075,
        "track": 2,
        "track_name": "Dantes Peak",
        "truncated": false
      },
      {
        "crashed": true,
        "episode": 0,
        "finished": false,
        "league": 2,
        "length": 166,
        "level_group": 2,
        "progress": 0.30441186703393736,
        "reward": 0.3430682731195427,
        "seed": 2000076,
        "track": 3,
        "track_name": "Abrupt",
        "truncated": false
      },
      {
        "crashed": true,
        "episode": 1,
        "finished": false,
        "league": 2,
        "length": 166,
        "level_group": 2,
        "progress": 0.30441186703393736,
        "reward": 0.3430682731195427,
        "seed": 2000077,
        "track": 3,
        "track_name": "Abrupt",
        "truncated": false
      },
      {
        "crashed": true,
        "episode": 2,
        "finished": false,
        "league": 2,
        "length": 166,
        "level_group": 2,
        "progress": 0.30441186703393736,
        "reward": 0.3430682731195427,
        "seed": 2000078,
        "track": 3,
        "track_name": "Abrupt",
        "truncated": false
      },
      {
        "crashed": true,
        "episode": 0,
        "finished": false,
        "league": 2,
        "length": 93,
        "level_group": 2,
        "progress": 0.40523996972811016,
        "reward": 6.2711220149652585,
        "seed": 2000079,
        "track": 4,
        "track_name": "Undertaker",
        "truncated": false
      },
      {
        "crashed": true,
        "episode": 1,
        "finished": false,
        "league": 2,
        "length": 93,
        "level_group": 2,
        "progress": 0.40523996972811016,
        "reward": 6.2711220149652585,
        "seed": 2000080,
        "track": 4,
        "track_name": "Undertaker",
        "truncated": false
      },
      {
        "crashed": true,
        "episode": 2,
        "finished": false,
        "league": 2,
        "length": 93,
        "level_group": 2,
        "progress": 0.40523996972811016,
        "reward": 6.2711220149652585,
        "seed": 2000081,
        "track": 4,
        "track_name": "Undertaker",
        "truncated": false
      },
      {
        "crashed": true,
        "episode": 0,
        "finished": false,
        "league": 2,
        "length": 140,
        "level_group": 2,
        "progress": 0.26150018788099544,
        "reward": -0.2832163864132893,
        "seed": 2000082,
        "track": 5,
        "track_name": "Liberty",
        "truncated": false
      },
      {
        "crashed": true,
        "episode": 1,
        "finished": false,
        "league": 2,
        "length": 140,
        "level_group": 2,
        "progress": 0.26150018788099544,
        "reward": -0.2832163864132893,
        "seed": 2000083,
        "track": 5,
        "track_name": "Liberty",
        "truncated": false
      },
      {
        "crashed": true,
        "episode": 2,
        "finished": false,
        "league": 2,
        "length": 140,
        "level_group": 2,
        "progress": 0.26150018788099544,
        "reward": -0.2832163864132893,
        "seed": 2000084,
        "track": 5,
        "track_name": "Liberty",
        "truncated": false
      },
      {
        "crashed": true,
        "episode": 0,
        "finished": false,
        "league": 2,
        "length": 147,
        "level_group": 2,
        "progress": 0.21377721842676192,
        "reward": -0.46564279225086747,
        "seed": 2000085,
        "track": 6,
        "track_name": "Intense",
        "truncated": false
      },
      {
        "crashed": true,
        "episode": 1,
        "finished": false,
        "league": 2,
        "length": 147,
        "level_group": 2,
        "progress": 0.21377721842676192,
        "reward": -0.46564279225086747,
        "seed": 2000086,
        "track": 6,
        "track_name": "Intense",
        "truncated": false
      },
      {
        "crashed": true,
        "episode": 2,
        "finished": false,
        "league": 2,
        "length": 147,
        "level_group": 2,
        "progress": 0.21377721842676192,
        "reward": -0.46564279225086747,
        "seed": 2000087,
        "track": 6,
        "track_name": "Intense",
        "truncated": false
      },
      {
        "crashed": true,
        "episode": 0,
        "finished": false,
        "league": 2,
        "length": 493,
        "level_group": 2,
        "progress": 0.0680830643714659,
        "reward": -10.12009131942718,
        "seed": 2000088,
        "track": 7,
        "track_name": "100%",
        "truncated": false
      },
      {
        "crashed": true,
        "episode": 1,
        "finished": false,
        "league": 2,
        "length": 493,
        "level_group": 2,
        "progress": 0.0680830643714659,
        "reward": -10.12009131942718,
        "seed": 2000089,
        "track": 7,
        "track_name": "100%",
        "truncated": false
      },
      {
        "crashed": true,
        "episode": 2,
        "finished": false,
        "league": 2,
        "length": 493,
        "level_group": 2,
        "progress": 0.0680830643714659,
        "reward": -10.12009131942718,
        "seed": 2000090,
        "track": 7,
        "track_name": "100%",
        "truncated": false
      },
      {
        "crashed": true,
        "episode": 0,
        "finished": false,
        "league": 2,
        "length": 1327,
        "level_group": 2,
        "progress": 0.2287027481891194,
        "reward": -9.137538415162718,
        "seed": 2000091,
        "track": 8,
        "track_name": "Training day",
        "truncated": false
      },
      {
        "crashed": true,
        "episode": 1,
        "finished": false,
        "league": 2,
        "length": 1327,
        "level_group": 2,
        "progress": 0.2287027481891194,
        "reward": -9.137538415162718,
        "seed": 2000092,
        "track": 8,
        "track_name": "Training day",
        "truncated": false
      },
      {
        "crashed": true,
        "episode": 2,
        "finished": false,
        "league": 2,
        "length": 1327,
        "level_group": 2,
        "progress": 0.2287027481891194,
        "reward": -9.137538415162718,
        "seed": 2000093,
        "track": 8,
        "track_name": "Training day",
        "truncated": false
      },
      {
        "crashed": true,
        "episode": 0,
        "finished": false,
        "league": 2,
        "length": 998,
        "level_group": 2,
        "progress": 0.019062509462814924,
        "reward": -46.18836254783884,
        "seed": 2000094,
        "track": 9,
        "track_name": "Trial again",
        "truncated": false
      },
      {
        "crashed": true,
        "episode": 1,
        "finished": false,
        "league": 2,
        "length": 998,
        "level_group": 2,
        "progress": 0.019062509462814924,
        "reward": -46.18836254783884,
        "seed": 2000095,
        "track": 9,
        "track_name": "Trial again",
        "truncated": false
      },
      {
        "crashed": true,
        "episode": 2,
        "finished": false,
        "league": 2,
        "length": 998,
        "level_group": 2,
        "progress": 0.019062509462814924,
        "reward": -46.18836254783884,
        "seed": 2000096,
        "track": 9,
        "track_name": "Trial again",
        "truncated": false
      }
    ],
    "episodes_per_environment": 3,
    "epsilon": 0.0,
    "finish_rate": 0.23333333333333334,
    "mean_episode_length": 718.6,
    "mean_progress": 0.3933435811339355,
    "mean_reward": -9.133432652459764,
    "median_reward": -1.8162533657285553,
    "truncation_rate": 0.13333333333333333
  },
  "best_policy_active_training_seconds": 1209.8776674580295,
  "checkpoint_selection_rule": "best (finish_rate, mean_progress) seen during periodic evaluation; see best_evaluation and paths.best_checkpoint",
  "completed_episode_count": 3290,
  "final_evaluation": {
    "crash_rate": 0.5333333333333333,
    "environment_count": 30,
    "episode_count": 90,
    "episodes": [
      {
        "crashed": false,
        "episode": 0,
        "finished": true,
        "league": 0,
        "length": 212,
        "level_group": 0,
        "progress": 0.969231438743694,
        "reward": 79.60310277073597,
        "seed": 2000007,
        "track": 0,
        "track_name": "Intro",
        "truncated": false
      },
      {
        "crashed": false,
        "episode": 1,
        "finished": true,
        "league": 0,
        "length": 212,
        "level_group": 0,
        "progress": 0.969231438743694,
        "reward": 79.60310277073597,
        "seed": 2000008,
        "track": 0,
        "track_name": "Intro",
        "truncated": false
      },
      {
        "crashed": false,
        "episode": 2,
        "finished": true,
        "league": 0,
        "length": 212,
        "level_group": 0,
        "progress": 0.969231438743694,
        "reward": 79.60310277073597,
        "seed": 2000009,
        "track": 0,
        "track_name": "Intro",
        "truncated": false
      },
      {
        "crashed": false,
        "episode": 0,
        "finished": true,
        "league": 0,
        "length": 242,
        "level_group": 0,
        "progress": 0.974928365788787,
        "reward": 77.20820131780782,
        "seed": 2000010,
        "track": 1,
        "track_name": "Shorty",
        "truncated": false
      },
      {
        "crashed": false,
        "episode": 1,
        "finished": true,
        "league": 0,
        "length": 242,
        "level_group": 0,
        "progress": 0.974928365788787,
        "reward": 77.20820131780782,
        "seed": 2000011,
        "track": 1,
        "track_name": "Shorty",
        "truncated": false
      },
      {
        "crashed": false,
        "episode": 2,
        "finished": true,
        "league": 0,
        "length": 242,
        "level_group": 0,
        "progress": 0.974928365788787,
        "reward": 77.20820131780782,
        "seed": 2000012,
        "track": 1,
        "track_name": "Shorty",
        "truncated": false
      },
      {
        "crashed": true,
        "episode": 0,
        "finished": false,
        "league": 0,
        "length": 113,
        "level_group": 0,
        "progress": 0.12321664373794987,
        "reward": -2.1490979849819363,
        "seed": 2000013,
        "track": 2,
        "track_name": "Slope",
        "truncated": false
      },
      {
        "crashed": true,
        "episode": 1,
        "finished": false,
        "league": 0,
        "length": 113,
        "level_group": 0,
        "progress": 0.12321664373794987,
        "reward": -2.1490979849819363,
        "seed": 2000014,
        "track": 2,
        "track_name": "Slope",
        "truncated": false
      },
      {
        "crashed": true,
        "episode": 2,
        "finished": false,
        "league": 0,
        "length": 113,
        "level_group": 0,
        "progress": 0.12321664373794987,
        "reward": -2.1490979849819363,
        "seed": 2000015,
        "track": 2,
        "track_name": "Slope",
        "truncated": false
      },
      {
        "crashed": false,
        "episode": 0,
        "finished": true,
        "league": 0,
        "length": 356,
        "level_group": 0,
        "progress": 0.9808310472328244,
        "reward": 73.32864086346443,
        "seed": 2000016,
        "track": 3,
        "track_name": "Crackle",
        "truncated": false
      },
      {
        "crashed": false,
        "episode": 1,
        "finished": true,
        "league": 0,
        "length": 356,
        "level_group": 0,
        "progress": 0.9808310472328244,
        "reward": 73.32864086346443,
        "seed": 2000017,
        "track": 3,
        "track_name": "Crackle",
        "truncated": false
      },
      {
        "crashed": false,
        "episode": 2,
        "finished": true,
        "league": 0,
        "length": 356,
        "level_group": 0,
        "progress": 0.9808310472328244,
        "reward": 73.32864086346443,
        "seed": 2000018,
        "track": 3,
        "track_name": "Crackle",
        "truncated": false
      },
      {
        "crashed": false,
        "episode": 0,
        "finished": true,
        "league": 0,
        "length": 630,
        "level_group": 0,
        "progress": 0.9868855875326817,
        "reward": 70.15381074136866,
        "seed": 2000019,
        "track": 4,
        "track_name": "Knolls",
        "truncated": false
      },
      {
        "crashed": false,
        "episode": 1,
        "finished": true,
        "league": 0,
        "length": 630,
        "level_group": 0,
        "progress": 0.9868855875326817,
        "reward": 70.15381074136866,
        "seed": 2000020,
        "track": 4,
        "track_name": "Knolls",
        "truncated": false
      },
      {
        "crashed": false,
        "episode": 2,
        "finished": true,
        "league": 0,
        "length": 630,
        "level_group": 0,
        "progress": 0.9868855875326817,
        "reward": 70.15381074136866,
        "seed": 2000021,
        "track": 4,
        "track_name": "Knolls",
        "truncated": false
      },
      {
        "crashed": true,
        "episode": 0,
        "finished": false,
        "league": 0,
        "length": 119,
        "level_group": 0,
        "progress": 0.2477315923219086,
        "reward": 4.73976349981397,
        "seed": 2000022,
        "track": 5,
        "track_name": "Deep",
        "truncated": false
      },
      {
        "crashed": true,
        "episode": 1,
        "finished": false,
        "league": 0,
        "length": 119,
        "level_group": 0,
        "progress": 0.2477315923219086,
        "reward": 4.73976349981397,
        "seed": 2000023,
        "track": 5,
        "track_name": "Deep",
        "truncated": false
      },
      {
        "crashed": true,
        "episode": 2,
        "finished": false,
        "league": 0,
        "length": 119,
        "level_group": 0,
        "progress": 0.2477315923219086,
        "reward": 4.73976349981397,
        "seed": 2000024,
        "track": 5,
        "track_name": "Deep",
        "truncated": false
      },
      {
        "crashed": false,
        "episode": 0,
        "finished": false,
        "league": 0,
        "length": 2000,
        "level_group": 0,
        "progress": 0.30377392578125,
        "reward": -177.08836825528311,
        "seed": 2000025,
        "track": 6,
        "track_name": "Cliff",
        "truncated": true
      },
      {
        "crashed": false,
        "episode": 1,
        "finished": false,
        "league": 0,
        "length": 2000,
        "level_group": 0,
        "progress": 0.30377392578125,
        "reward": -177.08836825528311,
        "seed": 2000026,
        "track": 6,
        "track_name": "Cliff",
        "truncated": true
      },
      {
        "crashed": false,
        "episode": 2,
        "finished": false,
        "league": 0,
        "length": 2000,
        "level_group": 0,
        "progress": 0.30377392578125,
        "reward": -177.08836825528311,
        "seed": 2000027,
        "track": 6,
        "track_name": "Cliff",
        "truncated": true
      },
      {
        "crashed": true,
        "episode": 0,
        "finished": false,
        "league": 0,
        "length": 401,
        "level_group": 0,
        "progress": 0.3806672432053257,
        "reward": -0.21788985733400068,
        "seed": 2000028,
        "track": 7,
        "track_name": "Hole",
        "truncated": false
      },
      {
        "crashed": true,
        "episode": 1,
        "finished": false,
        "league": 0,
        "length": 401,
        "level_group": 0,
        "progress": 0.3806672432053257,
        "reward": -0.21788985733400068,
        "seed": 2000029,
        "track": 7,
        "track_name": "Hole",
        "truncated": false
      },
      {
        "crashed": true,
        "episode": 2,
        "finished": false,
        "league": 0,
        "length": 401,
        "level_group": 0,
        "progress": 0.3806672432053257,
        "reward": -0.21788985733400068,
        "seed": 2000030,
        "track": 7,
        "track_name": "Hole",
        "truncated": false
      },
      {
        "crashed": true,
        "episode": 0,
        "finished": false,
        "league": 0,
        "length": 646,
        "level_group": 0,
        "progress": 0.42996366166203004,
        "reward": -2.780685106484284,
        "seed": 2000031,
        "track": 8,
        "track_name": "Original",
        "truncated": false
      },
      {
        "crashed": true,
        "episode": 1,
        "finished": false,
        "league": 0,
        "length": 646,
        "level_group": 0,
        "progress": 0.42996366166203004,
        "reward": -2.780685106484284,
        "seed": 2000032,
        "track": 8,
        "track_name": "Original",
        "truncated": false
      },
      {
        "crashed": true,
        "episode": 2,
        "finished": false,
        "league": 0,
        "length": 646,
        "level_group": 0,
        "progress": 0.42996366166203004,
        "reward": -2.780685106484284,
        "seed": 2000033,
        "track": 8,
        "track_name": "Original",
        "truncated": false
      },
      {
        "crashed": true,
        "episode": 0,
        "finished": false,
        "league": 0,
        "length": 484,
        "level_group": 0,
        "progress": 0.4995989847342705,
        "reward": 6.566657954093955,
        "seed": 2000034,
        "track": 9,
        "track_name": "Savvy",
        "truncated": false
      },
      {
        "crashed": true,
        "episode": 1,
        "finished": false,
        "league": 0,
        "length": 484,
        "level_group": 0,
        "progress": 0.4995989847342705,
        "reward": 6.566657954093955,
        "seed": 2000035,
        "track": 9,
        "track_name": "Savvy",
        "truncated": false
      },
      {
        "crashed": true,
        "episode": 2,
        "finished": false,
        "league": 0,
        "length": 484,
        "level_group": 0,
        "progress": 0.4995989847342705,
        "reward": 6.566657954093955,
        "seed": 2000036,
        "track": 9,
        "track_name": "Savvy",
        "truncated": false
      },
      {
        "crashed": false,
        "episode": 0,
        "finished": true,
        "league": 1,
        "length": 325,
        "level_group": 1,
        "progress": 0.9766243278206169,
        "reward": 79.98507893065351,
        "seed": 2000037,
        "track": 0,
        "track_name": "Indoor",
        "truncated": false
      },
      {
        "crashed": false,
        "episode": 1,
        "finished": true,
        "league": 1,
        "length": 325,
        "level_group": 1,
        "progress": 0.9766243278206169,
        "reward": 79.98507893065351,
        "seed": 2000038,
        "track": 0,
        "track_name": "Indoor",
        "truncated": false
      },
      {
        "crashed": false,
        "episode": 2,
        "finished": true,
        "league": 1,
        "length": 325,
        "level_group": 1,
        "progress": 0.9766243278206169,
        "reward": 79.98507893065351,
        "seed": 2000039,
        "track": 0,
        "track_name": "Indoor",
        "truncated": false
      },
      {
        "crashed": false,
        "episode": 0,
        "finished": false,
        "league": 1,
        "length": 2000,
        "level_group": 1,
        "progress": 0.06619818070355583,
        "reward": -146.97604542363487,
        "seed": 2000040,
        "track": 1,
        "track_name": "Spikeholes",
        "truncated": true
      },
      {
        "crashed": false,
        "episode": 1,
        "finished": false,
        "league": 1,
        "length": 2000,
        "level_group": 1,
        "progress": 0.06619818070355583,
        "reward": -146.97604542363487,
        "seed": 2000041,
        "track": 1,
        "track_name": "Spikeholes",
        "truncated": true
      },
      {
        "crashed": false,
        "episode": 2,
        "finished": false,
        "league": 1,
        "length": 2000,
        "level_group": 1,
        "progress": 0.06619818070355583,
        "reward": -146.97604542363487,
        "seed": 2000042,
        "track": 1,
        "track_name": "Spikeholes",
        "truncated": true
      },
      {
        "crashed": false,
        "episode": 0,
        "finished": true,
        "league": 1,
        "length": 416,
        "level_group": 1,
        "progress": 0.9882910520979225,
        "reward": 74.11296182231258,
        "seed": 2000043,
        "track": 2,
        "track_name": "Downhill",
        "truncated": false
      },
      {
        "crashed": false,
        "episode": 1,
        "finished": true,
        "league": 1,
        "length": 416,
        "level_group": 1,
        "progress": 0.9882910520979225,
        "reward": 74.11296182231258,
        "seed": 2000044,
        "track": 2,
        "track_name": "Downhill",
        "truncated": false
      },
      {
        "crashed": false,
        "episode": 2,
        "finished": true,
        "league": 1,
        "length": 416,
        "level_group": 1,
        "progress": 0.9882910520979225,
        "reward": 74.11296182231258,
        "seed": 2000045,
        "track": 2,
        "track_name": "Downhill",
        "truncated": false
      },
      {
        "crashed": false,
        "episode": 0,
        "finished": false,
        "league": 1,
        "length": 2000,
        "level_group": 1,
        "progress": 0.16163195914159248,
        "reward": -136.14203738499657,
        "seed": 2000046,
        "track": 3,
        "track_name": "Hillclimb",
        "truncated": true
      },
      {
        "crashed": false,
        "episode": 1,
        "finished": false,
        "league": 1,
        "length": 2000,
        "level_group": 1,
        "progress": 0.16163195914159248,
        "reward": -136.14203738499657,
        "seed": 2000047,
        "track": 3,
        "track_name": "Hillclimb",
        "truncated": true
      },
      {
        "crashed": false,
        "episode": 2,
        "finished": false,
        "league": 1,
        "length": 2000,
        "level_group": 1,
        "progress": 0.16163195914159248,
        "reward": -136.14203738499657,
        "seed": 2000048,
        "track": 3,
        "track_name": "Hillclimb",
        "truncated": true
      },
      {
        "crashed": false,
        "episode": 0,
        "finished": false,
        "league": 1,
        "length": 2000,
        "level_group": 1,
        "progress": 0.144662878222295,
        "reward": -126.38973328119239,
        "seed": 2000049,
        "track": 4,
        "track_name": "Modesty",
        "truncated": true
      },
      {
        "crashed": false,
        "episode": 1,
        "finished": false,
        "league": 1,
        "length": 2000,
        "level_group": 1,
        "progress": 0.144662878222295,
        "reward": -126.38973328119239,
        "seed": 2000050,
        "track": 4,
        "track_name": "Modesty",
        "truncated": true
      },
      {
        "crashed": false,
        "episode": 2,
        "finished": false,
        "league": 1,
        "length": 2000,
        "level_group": 1,
        "progress": 0.144662878222295,
        "reward": -126.38973328119239,
        "seed": 2000051,
        "track": 4,
        "track_name": "Modesty",
        "truncated": true
      },
      {
        "crashed": true,
        "episode": 0,
        "finished": false,
        "league": 1,
        "length": 464,
        "level_group": 1,
        "progress": 0.20684123116403721,
        "reward": -11.483815527247966,
        "seed": 2000052,
        "track": 5,
        "track_name": "Blocks",
        "truncated": false
      },
      {
        "crashed": true,
        "episode": 1,
        "finished": false,
        "league": 1,
        "length": 464,
        "level_group": 1,
        "progress": 0.20684123116403721,
        "reward": -11.483815527247966,
        "seed": 2000053,
        "track": 5,
        "track_name": "Blocks",
        "truncated": false
      },
      {
        "crashed": true,
        "episode": 2,
        "finished": false,
        "league": 1,
        "length": 464,
        "level_group": 1,
        "progress": 0.20684123116403721,
        "reward": -11.483815527247966,
        "seed": 2000054,
        "track": 5,
        "track_name": "Blocks",
        "truncated": false
      },
      {
        "crashed": true,
        "episode": 0,
        "finished": false,
        "league": 1,
        "length": 834,
        "level_group": 1,
        "progress": 0.1296368438669925,
        "reward": -3.2578706443420433,
        "seed": 2000055,
        "track": 6,
        "track_name": "Bumps",
        "truncated": false
      },
      {
        "crashed": true,
        "episode": 1,
        "finished": false,
        "league": 1,
        "length": 834,
        "level_group": 1,
        "progress": 0.1296368438669925,
        "reward": -3.2578706443420433,
        "seed": 2000056,
        "track": 6,
        "track_name": "Bumps",
        "truncated": false
      },
      {
        "crashed": true,
        "episode": 2,
        "finished": false,
        "league": 1,
        "length": 834,
        "level_group": 1,
        "progress": 0.1296368438669925,
        "reward": -3.2578706443420433,
        "seed": 2000057,
        "track": 6,
        "track_name": "Bumps",
        "truncated": false
      },
      {
        "crashed": false,
        "episode": 0,
        "finished": false,
        "league": 1,
        "length": 2000,
        "level_group": 1,
        "progress": 0.033588689916274124,
        "reward": -191.42459311827776,
        "seed": 2000058,
        "track": 7,
        "track_name": "Spikehops",
        "truncated": true
      },
      {
        "crashed": false,
        "episode": 1,
        "finished": false,
        "league": 1,
        "length": 2000,
        "level_group": 1,
        "progress": 0.033588689916274124,
        "reward": -191.42459311827776,
        "seed": 2000059,
        "track": 7,
        "track_name": "Spikehops",
        "truncated": true
      },
      {
        "crashed": false,
        "episode": 2,
        "finished": false,
        "league": 1,
        "length": 2000,
        "level_group": 1,
        "progress": 0.033588689916274124,
        "reward": -191.42459311827776,
        "seed": 2000060,
        "track": 7,
        "track_name": "Spikehops",
        "truncated": true
      },
      {
        "crashed": true,
        "episode": 0,
        "finished": false,
        "league": 1,
        "length": 366,
        "level_group": 1,
        "progress": 0.3073716163635254,
        "reward": -1.5357681177614273,
        "seed": 2000061,
        "track": 8,
        "track_name": "Pillar",
        "truncated": false
      },
      {
        "crashed": true,
        "episode": 1,
        "finished": false,
        "league": 1,
        "length": 366,
        "level_group": 1,
        "progress": 0.3073716163635254,
        "reward": -1.5357681177614273,
        "seed": 2000062,
        "track": 8,
        "track_name": "Pillar",
        "truncated": false
      },
      {
        "crashed": true,
        "episode": 2,
        "finished": false,
        "league": 1,
        "length": 366,
        "level_group": 1,
        "progress": 0.3073716163635254,
        "reward": -1.5357681177614273,
        "seed": 2000063,
        "track": 8,
        "track_name": "Pillar",
        "truncated": false
      },
      {
        "crashed": false,
        "episode": 0,
        "finished": false,
        "league": 1,
        "length": 2000,
        "level_group": 1,
        "progress": 0.1830051696289929,
        "reward": -137.31478338967514,
        "seed": 2000064,
        "track": 9,
        "track_name": "Trenches",
        "truncated": true
      },
      {
        "crashed": false,
        "episode": 1,
        "finished": false,
        "league": 1,
        "length": 2000,
        "level_group": 1,
        "progress": 0.1830051696289929,
        "reward": -137.31478338967514,
        "seed": 2000065,
        "track": 9,
        "track_name": "Trenches",
        "truncated": true
      },
      {
        "crashed": false,
        "episode": 2,
        "finished": false,
        "league": 1,
        "length": 2000,
        "level_group": 1,
        "progress": 0.1830051696289929,
        "reward": -137.31478338967514,
        "seed": 2000066,
        "track": 9,
        "track_name": "Trenches",
        "truncated": true
      },
      {
        "crashed": true,
        "episode": 0,
        "finished": false,
        "league": 2,
        "length": 276,
        "level_group": 2,
        "progress": 0.2599237137629162,
        "reward": -3.615655938602643,
        "seed": 2000067,
        "track": 0,
        "track_name": "Floorboards",
        "truncated": false
      },
      {
        "crashed": true,
        "episode": 1,
        "finished": false,
        "league": 2,
        "length": 276,
        "level_group": 2,
        "progress": 0.2599237137629162,
        "reward": -3.615655938602643,
        "seed": 2000068,
        "track": 0,
        "track_name": "Floorboards",
        "truncated": false
      },
      {
        "crashed": true,
        "episode": 2,
        "finished": false,
        "league": 2,
        "length": 276,
        "level_group": 2,
        "progress": 0.2599237137629162,
        "reward": -3.615655938602643,
        "seed": 2000069,
        "track": 0,
        "track_name": "Floorboards",
        "truncated": false
      },
      {
        "crashed": true,
        "episode": 0,
        "finished": false,
        "league": 2,
        "length": 450,
        "level_group": 2,
        "progress": 0.08357213462271341,
        "reward": -13.190033110201416,
        "seed": 2000070,
        "track": 1,
        "track_name": "Tip top",
        "truncated": false
      },
      {
        "crashed": true,
        "episode": 1,
        "finished": false,
        "league": 2,
        "length": 450,
        "level_group": 2,
        "progress": 0.08357213462271341,
        "reward": -13.190033110201416,
        "seed": 2000071,
        "track": 1,
        "track_name": "Tip top",
        "truncated": false
      },
      {
        "crashed": true,
        "episode": 2,
        "finished": false,
        "league": 2,
        "length": 450,
        "level_group": 2,
        "progress": 0.08357213462271341,
        "reward": -13.190033110201416,
        "seed": 2000072,
        "track": 1,
        "track_name": "Tip top",
        "truncated": false
      },
      {
        "crashed": true,
        "episode": 0,
        "finished": false,
        "league": 2,
        "length": 573,
        "level_group": 2,
        "progress": 0.03061984567081227,
        "reward": -14.07693458247899,
        "seed": 2000073,
        "track": 2,
        "track_name": "Dantes Peak",
        "truncated": false
      },
      {
        "crashed": true,
        "episode": 1,
        "finished": false,
        "league": 2,
        "length": 573,
        "level_group": 2,
        "progress": 0.03061984567081227,
        "reward": -14.07693458247899,
        "seed": 2000074,
        "track": 2,
        "track_name": "Dantes Peak",
        "truncated": false
      },
      {
        "crashed": true,
        "episode": 2,
        "finished": false,
        "league": 2,
        "length": 573,
        "level_group": 2,
        "progress": 0.03061984567081227,
        "reward": -14.07693458247899,
        "seed": 2000075,
        "track": 2,
        "track_name": "Dantes Peak",
        "truncated": false
      },
      {
        "crashed": true,
        "episode": 0,
        "finished": false,
        "league": 2,
        "length": 424,
        "level_group": 2,
        "progress": 0.5382631943911241,
        "reward": 4.370309611436555,
        "seed": 2000076,
        "track": 3,
        "track_name": "Abrupt",
        "truncated": false
      },
      {
        "crashed": true,
        "episode": 1,
        "finished": false,
        "league": 2,
        "length": 424,
        "level_group": 2,
        "progress": 0.5382631943911241,
        "reward": 4.370309611436555,
        "seed": 2000077,
        "track": 3,
        "track_name": "Abrupt",
        "truncated": false
      },
      {
        "crashed": true,
        "episode": 2,
        "finished": false,
        "league": 2,
        "length": 424,
        "level_group": 2,
        "progress": 0.5382631943911241,
        "reward": 4.370309611436555,
        "seed": 2000078,
        "track": 3,
        "track_name": "Abrupt",
        "truncated": false
      },
      {
        "crashed": true,
        "episode": 0,
        "finished": false,
        "league": 2,
        "length": 77,
        "level_group": 2,
        "progress": 0.3714859806792294,
        "reward": 6.338831270970875,
        "seed": 2000079,
        "track": 4,
        "track_name": "Undertaker",
        "truncated": false
      },
      {
        "crashed": true,
        "episode": 1,
        "finished": false,
        "league": 2,
        "length": 77,
        "level_group": 2,
        "progress": 0.3714859806792294,
        "reward": 6.338831270970875,
        "seed": 2000080,
        "track": 4,
        "track_name": "Undertaker",
        "truncated": false
      },
      {
        "crashed": true,
        "episode": 2,
        "finished": false,
        "league": 2,
        "length": 77,
        "level_group": 2,
        "progress": 0.3714859806792294,
        "reward": 6.338831270970875,
        "seed": 2000081,
        "track": 4,
        "track_name": "Undertaker",
        "truncated": false
      },
      {
        "crashed": true,
        "episode": 0,
        "finished": false,
        "league": 2,
        "length": 141,
        "level_group": 2,
        "progress": 0.2598066421950362,
        "reward": -0.7715433090698287,
        "seed": 2000082,
        "track": 5,
        "track_name": "Liberty",
        "truncated": false
      },
      {
        "crashed": true,
        "episode": 1,
        "finished": false,
        "league": 2,
        "length": 141,
        "level_group": 2,
        "progress": 0.2598066421950362,
        "reward": -0.7715433090698287,
        "seed": 2000083,
        "track": 5,
        "track_name": "Liberty",
        "truncated": false
      },
      {
        "crashed": true,
        "episode": 2,
        "finished": false,
        "league": 2,
        "length": 141,
        "level_group": 2,
        "progress": 0.2598066421950362,
        "reward": -0.7715433090698287,
        "seed": 2000084,
        "track": 5,
        "track_name": "Liberty",
        "truncated": false
      },
      {
        "crashed": false,
        "episode": 0,
        "finished": false,
        "league": 2,
        "length": 2000,
        "level_group": 2,
        "progress": 0.3132160716438026,
        "reward": -148.27914274036937,
        "seed": 2000085,
        "track": 6,
        "track_name": "Intense",
        "truncated": true
      },
      {
        "crashed": false,
        "episode": 1,
        "finished": false,
        "league": 2,
        "length": 2000,
        "level_group": 2,
        "progress": 0.3132160716438026,
        "reward": -148.27914274036937,
        "seed": 2000086,
        "track": 6,
        "track_name": "Intense",
        "truncated": true
      },
      {
        "crashed": false,
        "episode": 2,
        "finished": false,
        "league": 2,
        "length": 2000,
        "level_group": 2,
        "progress": 0.3132160716438026,
        "reward": -148.27914274036937,
        "seed": 2000087,
        "track": 6,
        "track_name": "Intense",
        "truncated": true
      },
      {
        "crashed": false,
        "episode": 0,
        "finished": false,
        "league": 2,
        "length": 2000,
        "level_group": 2,
        "progress": 0.1814724541102639,
        "reward": -123.76686073475165,
        "seed": 2000088,
        "track": 7,
        "track_name": "100%",
        "truncated": true
      },
      {
        "crashed": false,
        "episode": 1,
        "finished": false,
        "league": 2,
        "length": 2000,
        "level_group": 2,
        "progress": 0.1814724541102639,
        "reward": -123.76686073475165,
        "seed": 2000089,
        "track": 7,
        "track_name": "100%",
        "truncated": true
      },
      {
        "crashed": false,
        "episode": 2,
        "finished": false,
        "league": 2,
        "length": 2000,
        "level_group": 2,
        "progress": 0.1814724541102639,
        "reward": -123.76686073475165,
        "seed": 2000090,
        "track": 7,
        "track_name": "100%",
        "truncated": true
      },
      {
        "crashed": true,
        "episode": 0,
        "finished": false,
        "league": 2,
        "length": 1633,
        "level_group": 2,
        "progress": 0.22943393055464373,
        "reward": -6.725102853353995,
        "seed": 2000091,
        "track": 8,
        "track_name": "Training day",
        "truncated": false
      },
      {
        "crashed": true,
        "episode": 1,
        "finished": false,
        "league": 2,
        "length": 1633,
        "level_group": 2,
        "progress": 0.22943393055464373,
        "reward": -6.725102853353995,
        "seed": 2000092,
        "track": 8,
        "track_name": "Training day",
        "truncated": false
      },
      {
        "crashed": true,
        "episode": 2,
        "finished": false,
        "league": 2,
        "length": 1633,
        "level_group": 2,
        "progress": 0.22943393055464373,
        "reward": -6.725102853353995,
        "seed": 2000093,
        "track": 8,
        "track_name": "Training day",
        "truncated": false
      },
      {
        "crashed": true,
        "episode": 0,
        "finished": false,
        "league": 2,
        "length": 543,
        "level_group": 2,
        "progress": 0.019165086376574613,
        "reward": -10.586453892230978,
        "seed": 2000094,
        "track": 9,
        "track_name": "Trial again",
        "truncated": false
      },
      {
        "crashed": true,
        "episode": 1,
        "finished": false,
        "league": 2,
        "length": 543,
        "level_group": 2,
        "progress": 0.019165086376574613,
        "reward": -10.586453892230978,
        "seed": 2000095,
        "track": 9,
        "track_name": "Trial again",
        "truncated": false
      },
      {
        "crashed": true,
        "episode": 2,
        "finished": false,
        "league": 2,
        "length": 543,
        "level_group": 2,
        "progress": 0.019165086376574613,
        "reward": -10.586453892230978,
        "seed": 2000096,
        "track": 9,
        "track_name": "Trial again",
        "truncated": false
      }
    ],
    "episodes_per_environment": 3,
    "epsilon": 0.0,
    "finish_rate": 0.2,
    "mean_episode_length": 857.5,
    "mean_progress": 0.3793879831224548,
    "mean_reward": -26.0455018823204,
    "median_reward": -3.019277875413164,
    "truncation_rate": 0.26666666666666666
  },
  "format": "gravity-lab-rl-summary-v1",
  "optimizer_update_count": 1628651,
  "paths": {
    "best_checkpoint": "artifacts/sac_redq_8hr_coverage_20260906_022918/best.pt",
    "best_policy": "artifacts/sac_redq_8hr_coverage_20260906_022918/best.gdp",
    "final_checkpoint": "artifacts/sac_redq_8hr_coverage_20260906_022918/final.pt",
    "final_policy": "artifacts/sac_redq_8hr_coverage_20260906_022918/final.gdp",
    "metadata": "artifacts/sac_redq_8hr_coverage_20260906_022918/metadata.json",
    "metrics": "artifacts/sac_redq_8hr_coverage_20260906_022918/metrics.jsonl"
  },
  "practice_episodes": 0,
  "practice_reconstructed_steps": 0,
  "reason": "control-stop",
  "run_id": "sac_redq_8hr_coverage_20260906_022918",
  "track_full_start_episodes": {
    "0": 109,
    "1": 109,
    "2": 109,
    "3": 109,
    "4": 109,
    "5": 115,
    "6": 110,
    "7": 110,
    "8": 109,
    "9": 111,
    "10": 109,
    "11": 109,
    "12": 109,
    "13": 109,
    "14": 109,
    "15": 110,
    "16": 109,
    "17": 109,
    "18": 109,
    "19": 109,
    "20": 109,
    "21": 109,
    "22": 111,
    "23": 108,
    "24": 111,
    "25": 112,
    "26": 109,
    "27": 110,
    "28": 112,
    "29": 108
  },
  "track_training_episodes": {
    "0": 109,
    "1": 109,
    "2": 109,
    "3": 109,
    "4": 109,
    "5": 115,
    "6": 110,
    "7": 110,
    "8": 109,
    "9": 111,
    "10": 109,
    "11": 109,
    "12": 109,
    "13": 109,
    "14": 109,
    "15": 110,
    "16": 109,
    "17": 109,
    "18": 109,
    "19": 109,
    "20": 109,
    "21": 109,
    "22": 111,
    "23": 108,
    "24": 111,
    "25": 112,
    "26": 109,
    "27": 110,
    "28": 112,
    "29": 108
  },
  "training_end_timestamp": "2026-09-06T18:53:01.316970+00:00",
  "training_start_timestamp": "2026-09-06T09:29:18.546353+00:00",
  "transition_count": 1633652
}
Run: sac_redq_8hr_coverage_20260906_022918
Final checkpoint: artifacts/sac_redq_8hr_coverage_20260906_022918/final.pt
Final policy: artifacts/sac_redq_8hr_coverage_20260906_022918/final.gdp
Final evaluation: mean reward=-26.0455, mean progress=0.379388, finish=20.0%, crash=53.3%, truncation=26.7%
Best checkpoint: artifacts/sac_redq_8hr_coverage_20260906_022918/best.pt
Best policy: artifacts/sac_redq_8hr_coverage_20260906_022918/best.gdp
Best evaluation: mean reward=-9.13343, mean progress=0.393344, finish=23.3%, crash=63.3%, truncation=13.3%
Resume: gravity-lab-rl resume --run-id sac_redq_8hr_coverage_20260906_022918
Play: ./scripts/play_latest.sh --run-id sac_redq_8hr_coverage_20260906_022918
