[2:7 100%] t=   30s iter=760 cells=895 best_progress=0.107 steps/s=5543
[1:4 Modesty] t=   30s iter=675 cells=515 best_progress=0.182 steps/s=5100
[1:8 Pillar] t=   30s iter=640 cells=1276 best_progress=0.394 steps/s=6597
[2:7 100%] t=   60s iter=1457 cells=1233 best_progress=0.133 steps/s=5493
[1:4 Modesty] t=   60s iter=1251 cells=1053 best_progress=0.508 steps/s=5057
[2:7 100%] t=   90s iter=1962 cells=1785 best_progress=0.204 steps/s=5543
[1:4 Modesty] t=   90s iter=1632 cells=1478 best_progress=0.510 steps/s=5113
[2:7 100%] t=  120s iter=2292 cells=2013 best_progress=0.272 steps/s=5516
[1:4 Modesty] t=  120s iter=2011 cells=1643 best_progress=0.512 steps/s=5163
[2:7 100%] t=  150s iter=2626 cells=2131 best_progress=0.272 steps/s=5523
[1:4 Modesty] t=  150s iter=2392 cells=1952 best_progress=0.665 steps/s=5216
[1:4 Modesty] t=  180s iter=2722 cells=2255 best_progress=0.729 steps/s=5239
[2:7 100%] t=  180s iter=2949 cells=2316 best_progress=0.274 steps/s=5527
[1:4 Modesty] t=  210s iter=3056 cells=2405 best_progress=0.740 steps/s=5292
[2:7 100%] t=  210s iter=3270 cells=2444 best_progress=0.324 steps/s=5558
[1:4 Modesty] SOLVED: 966 steps, 3220 iterations, 231s -> demos/lg1_t4.json
[2:7 100%] t=  240s iter=3531 cells=2789 best_progress=0.473 steps/s=5565
[2:7 100%] t=  270s iter=3775 cells=2902 best_progress=0.473 steps/s=5575
[2:7 100%] t=  300s iter=3999 cells=2963 best_progress=0.473 steps/s=5579
[2:7 100%] t=  331s iter=4227 cells=2988 best_progress=0.473 steps/s=5563
[2:7 100%] t=  361s iter=4451 cells=3012 best_progress=0.473 steps/s=5557
[2:7 100%] t=  391s iter=4690 cells=3048 best_progress=0.473 steps/s=5566
[2:7 100%] t=  421s iter=4935 cells=3074 best_progress=0.473 steps/s=5591
[2:7 100%] t=  451s iter=5173 cells=3106 best_progress=0.474 steps/s=5610
[2:7 100%] t=  481s iter=5434 cells=3156 best_progress=0.474 steps/s=5633
[2:7 100%] t=  511s iter=5684 cells=3258 best_progress=0.483 steps/s=5656
[2:7 100%] t=  541s iter=5938 cells=3285 best_progress=0.484 steps/s=5683
[2:7 100%] t=  571s iter=6184 cells=3352 best_progress=0.491 steps/s=5708
[2:7 100%] t=  601s iter=6453 cells=3418 best_progress=0.491 steps/s=5733
[2:7 100%] t=  631s iter=6715 cells=3538 best_progress=0.492 steps/s=5755
[2:7 100%] t=  661s iter=6977 cells=3682 best_progress=0.513 steps/s=5774
[2:7 100%] t=  691s iter=7240 cells=3740 best_progress=0.514 steps/s=5792
[2:7 100%] t=  721s iter=7480 cells=3795 best_progress=0.515 steps/s=5806
[2:7 100%] t=  751s iter=7725 cells=3844 best_progress=0.515 steps/s=5818
[2:7 100%] t=  781s iter=7976 cells=3882 best_progress=0.515 steps/s=5826
[2:7 100%] t=  811s iter=8218 cells=3970 best_progress=0.515 steps/s=5831
[2:7 100%] t=  842s iter=8449 cells=4016 best_progress=0.515 steps/s=5836
[2:7 100%] t=  872s iter=8687 cells=4056 best_progress=0.515 steps/s=5841
[2:7 100%] t=  902s iter=8927 cells=4106 best_progress=0.518 steps/s=5844
[2:7 100%] t=  932s iter=9164 cells=4145 best_progress=0.518 steps/s=5848
[2:7 100%] t=  962s iter=9410 cells=4207 best_progress=0.518 steps/s=5851
[2:7 100%] t=  992s iter=9645 cells=4237 best_progress=0.520 steps/s=5852
[2:7 100%] t= 1022s iter=9873 cells=4264 best_progress=0.520 steps/s=5852
[2:7 100%] t= 1052s iter=10110 cells=4284 best_progress=0.520 steps/s=5853
[2:7 100%] t= 1082s iter=10346 cells=4337 best_progress=0.520 steps/s=5854
[2:7 100%] t= 1112s iter=10577 cells=4360 best_progress=0.520 steps/s=5855
[2:7 100%] t= 1142s iter=10813 cells=4373 best_progress=0.520 steps/s=5854
[2:7 100%] t= 1172s iter=11047 cells=4406 best_progress=0.520 steps/s=5854
