[1:4 Modesty] t=   30s iter=353 cells=646 best_progress=0.513 steps/s=5190
[2:9 Trial again] t=   30s iter=376 cells=439 best_progress=0.090 steps/s=4835
[1:8 Pillar] t=   30s iter=373 cells=998 best_progress=0.610 steps/s=6624
[2:7 100%] t=   30s iter=488 cells=542 best_progress=0.107 steps/s=5693
[1:4 Modesty] t=   60s iter=555 cells=919 best_progress=0.660 steps/s=5107
[2:7 100%] t=   60s iter=989 cells=641 best_progress=0.114 steps/s=5687
[2:9 Trial again] t=   60s iter=688 cells=607 best_progress=0.126 steps/s=4817
[1:8 Pillar] t=   60s iter=658 cells=1204 best_progress=0.620 steps/s=6628
[1:4 Modesty] t=   90s iter=769 cells=1191 best_progress=0.729 steps/s=5174
[2:9 Trial again] t=   90s iter=944 cells=788 best_progress=0.290 steps/s=4925
[1:8 Pillar] t=   90s iter=990 cells=1495 best_progress=0.673 steps/s=6734
[2:7 100%] t=   90s iter=1312 cells=1026 best_progress=0.266 steps/s=5679
[1:4 Modesty] t=  120s iter=971 cells=1371 best_progress=0.891 steps/s=5250
[1:8 Pillar] t=  120s iter=1314 cells=1676 best_progress=0.680 steps/s=6828
[2:7 100%] t=  120s iter=1563 cells=1154 best_progress=0.266 steps/s=5663
[2:7 100%] t=  150s iter=1820 cells=1216 best_progress=0.271 steps/s=5662
[1:4 Modesty] t=  150s iter=1173 cells=1492 best_progress=0.891 steps/s=5281
[1:8 Pillar] t=  150s iter=1629 cells=1908 best_progress=0.868 steps/s=6897
[2:7 100%] t=  180s iter=2093 cells=1391 best_progress=0.358 steps/s=5649
[1:4 Modesty] t=  180s iter=1374 cells=1615 best_progress=0.891 steps/s=5311
[1:8 Pillar] t=  180s iter=1853 cells=2053 best_progress=0.875 steps/s=6917
[1:4 Modesty] SOLVED: 1065 steps, 1397 iterations, 184s -> demos/lg1_t4.json
[2:7 100%] t=  210s iter=2381 cells=1511 best_progress=0.369 steps/s=5664
[1:8 Pillar] t=  211s iter=2085 cells=2113 best_progress=0.875 steps/s=6986
[1:8 Pillar] t=  241s iter=2312 cells=2196 best_progress=0.876 steps/s=7052
[2:7 100%] t=  241s iter=2656 cells=1779 best_progress=0.500 steps/s=5677
[1:8 Pillar] t=  271s iter=2558 cells=2248 best_progress=0.877 steps/s=7130
[2:7 100%] t=  271s iter=2918 cells=1865 best_progress=0.504 steps/s=5691
[1:8 Pillar] t=  301s iter=2829 cells=2357 best_progress=0.877 steps/s=7192
[2:7 100%] t=  301s iter=3154 cells=2062 best_progress=0.619 steps/s=5691
[1:8 Pillar] t=  331s iter=3081 cells=2396 best_progress=0.877 steps/s=7208
[2:7 100%] t=  331s iter=3355 cells=2130 best_progress=0.624 steps/s=5658
[1:8 Pillar] t=  361s iter=3325 cells=2447 best_progress=0.877 steps/s=7231
[2:7 100%] t=  361s iter=3555 cells=2180 best_progress=0.624 steps/s=5638
[1:8 Pillar] t=  391s iter=3584 cells=2485 best_progress=0.877 steps/s=7273
[2:7 100%] t=  391s iter=3758 cells=2222 best_progress=0.624 steps/s=5633
[1:8 Pillar] t=  421s iter=3858 cells=2523 best_progress=0.877 steps/s=7333
[2:7 100%] t=  421s iter=3974 cells=2271 best_progress=0.625 steps/s=5645
[1:8 Pillar] t=  451s iter=4164 cells=2557 best_progress=0.877 steps/s=7387
[2:7 100%] t=  451s iter=4198 cells=2335 best_progress=0.632 steps/s=5659
[1:8 Pillar] t=  481s iter=4467 cells=2582 best_progress=0.877 steps/s=7435
[2:7 100%] t=  481s iter=4405 cells=2361 best_progress=0.632 steps/s=5667
[2:7 100%] t=  511s iter=4617 cells=2396 best_progress=0.632 steps/s=5679
[2:7 100%] t=  542s iter=4853 cells=2433 best_progress=0.632 steps/s=5703
[2:7 100%] t=  572s iter=5081 cells=2451 best_progress=0.632 steps/s=5723
[2:7 100%] t=  602s iter=5300 cells=2483 best_progress=0.632 steps/s=5739
[2:7 100%] t=  632s iter=5522 cells=2500 best_progress=0.632 steps/s=5753
[2:7 100%] t=  662s iter=5740 cells=2514 best_progress=0.632 steps/s=5767
[2:7 100%] t=  692s iter=5959 cells=2529 best_progress=0.632 steps/s=5779
[2:7 100%] t=  722s iter=6189 cells=2556 best_progress=0.632 steps/s=5792
[2:7 100%] t=  752s iter=6403 cells=2570 best_progress=0.632 steps/s=5799
[2:7 100%] t=  782s iter=6622 cells=2576 best_progress=0.632 steps/s=5802
[2:7 100%] t=  812s iter=6849 cells=2590 best_progress=0.632 steps/s=5807
[2:7 100%] t=  842s iter=7060 cells=2597 best_progress=0.632 steps/s=5808
[2:7 100%] t=  872s iter=7277 cells=2613 best_progress=0.632 steps/s=5811
[2:7 100%] t=  902s iter=7493 cells=2622 best_progress=0.632 steps/s=5813
[2:7 100%] t=  932s iter=7714 cells=2647 best_progress=0.632 steps/s=5816
[2:7 100%] t=  962s iter=7938 cells=2661 best_progress=0.632 steps/s=5817
[2:7 100%] t=  993s iter=8154 cells=2680 best_progress=0.632 steps/s=5817
[2:7 100%] t= 1023s iter=8369 cells=2692 best_progress=0.632 steps/s=5816
[2:7 100%] t= 1053s iter=8585 cells=2699 best_progress=0.632 steps/s=5815
[2:7 100%] t= 1083s iter=8803 cells=2707 best_progress=0.632 steps/s=5815
[2:7 100%] t= 1113s iter=9021 cells=2713 best_progress=0.632 steps/s=5815
[2:7 100%] t= 1143s iter=9229 cells=2729 best_progress=0.632 steps/s=5812
[2:7 100%] t= 1173s iter=9442 cells=2747 best_progress=0.636 steps/s=5811
